Godot Engine v4.7.2.stable.official.ed1daf0bf - https://godotengine.org
D3D12 12_0 - Forward+ - Using Device #0: NVIDIA - NVIDIA GeForce GTX 1650 with Max-Q Design

GameplayRuntime: booted mode=campaign turn=1 player=player_gang pending=
GameplayRuntime: mode=campaign pending=
GameplayRuntime: after_turn force=debug_hq_force state=traveling_outbound campaign_pos=(7.59999990463257, 0.0) segment=0 into=7.6 pending=
GameplayRuntime: after_turn force=debug_hq_force state=traveling_outbound campaign_pos=(11.3999996185303, 0.0) segment=0 into=11.4 pending=
GameplayRuntime: after_turn force=debug_hq_force state=at_destination campaign_pos=(12.0, 0.0) segment=0 into=12.0 pending=debug_hq_assault
TacticalDeploymentController: attacker vehicle auto-placement failed code=no_legal_candidates
GameplayRuntime: mode=tactical_deployment pending=
TacticalDeploymentController: deployed sandbox_attacker_unit_01 to cover sandbox_transport_00__door_0_north slot sandbox_transport_00__door_0_north_cover
TacticalDeploymentController: deployed sandbox_attacker_unit_02 to cover sandbox_transport_00__door_0_south slot sandbox_transport_00__door_0_south_cover
TacticalDeploymentController: deployed sandbox_attacker_unit_03 to cover sandbox_transport_01__door_1_north slot sandbox_transport_01__door_1_north_cover
TacticalDeploymentController: deployed sandbox_attacker_unit_04 to cover sandbox_transport_01__door_1_south slot sandbox_transport_01__door_1_south_cover
TacticalDeploymentController: deployed sandbox_attacker_unit_05 to cover sandbox_transport_02__door_0_north slot sandbox_transport_02__door_0_north_cover
TacticalDeploymentController: deployed sandbox_attacker_unit_06 to cover sandbox_transport_02__door_0_south slot sandbox_transport_02__door_0_south_cover
TacticalDeploymentController: deployed sandbox_attacker_unit_07 to cover cover_traffic_1_0 slot cover_traffic_1_0_2
TacticalDeploymentController: deployed sandbox_attacker_unit_08 to cover cover_traffic_2_0 slot cover_traffic_2_0_3
TacticalDeploymentController: deployed sandbox_attacker_unit_09 to cover cover_traffic_3_0 slot cover_traffic_3_0_3
TacticalDeploymentController: deployed sandbox_attacker_unit_10 to cover sandbox_transport_00__body_cover slot sandbox_transport_00__body_cover__front
TacticalDeploymentController: deployed sandbox_attacker_unit_11 to cover sandbox_transport_00__body_cover slot sandbox_transport_00__body_cover__left
TacticalDeploymentController: deployed sandbox_attacker_unit_12 to cover sandbox_transport_00__body_cover slot sandbox_transport_00__body_cover__rear
TacticalDeploymentController: attacker side attacker committed
TacticalDeploymentController: defender AI deployed and committed side defender posture=even
GameplayRuntime: mode=tactical_active pending=
BENCH_PROGRESS next_pass/bench_final { "sim_seconds": 5.99999999999999, "mean_update_ms": 19.9422416666667, "fps_snapshot": 40.0 }
BENCH_PROGRESS next_pass/bench_final { "sim_seconds": 12.0, "mean_update_ms": 20.8112666666667, "fps_snapshot": 35.0 }
BENCH_PROGRESS next_pass/bench_final { "sim_seconds": 18.0000000000001, "mean_update_ms": 17.9942666666667, "fps_snapshot": 43.0 }
BENCH_PROGRESS next_pass/bench_final { "sim_seconds": 24.0000000000002, "mean_update_ms": 21.1832, "fps_snapshot": 21.0 }
BENCH_PROGRESS next_pass/bench_final { "sim_seconds": 30.0000000000003, "mean_update_ms": 20.8673916666667, "fps_snapshot": 31.0 }
BENCH_DONE {"checkpoints":[{"fps_snapshot":40.0,"mean_update_ms":19.9422416666667,"sim_seconds":5.99999999999999},{"fps_snapshot":35.0,"mean_update_ms":20.8112666666667,"sim_seconds":12.0},{"fps_snapshot":43.0,"mean_update_ms":17.9942666666667,"sim_seconds":18.0000000000001},{"fps_snapshot":21.0,"mean_update_ms":21.1832,"sim_seconds":24.0000000000002},{"fps_snapshot":31.0,"mean_update_ms":20.8673916666667,"sim_seconds":30.0000000000003}],"damage":13.392,"label":"next_pass/bench_final","living":19,"max_ms":96.283,"mean_ms":20.1596733333334,"moved":18,"occupied":13,"p95_ms":27.59,"paused_fps":1.0,"phase":"active","rendered":24,"sim_seconds":30.0000000000003,"stages_ms":{"combat":6857.57199999999,"movement":1239.62,"path_follow":141.168,"pressure":347.915,"tactics":58.4930000000001,"targets":2387.026,"weapon":940.877},"steps":600,"units":24}
