Godot Engine v4.7.2.stable.official.ed1daf0bf - https://godotengine.org
D3D12 12_0 - Forward+ - Using Device #0: NVIDIA - NVIDIA GeForce GTX 1650 with Max-Q Design

GameplayRuntime: booted mode=campaign turn=1 player=player_gang pending=
GameplayRuntime: mode=campaign pending=
GameplayRuntime: after_turn force=debug_hq_force state=traveling_outbound campaign_pos=(7.59999990463257, 0.0) segment=0 into=7.6 pending=
GameplayRuntime: after_turn force=debug_hq_force state=traveling_outbound campaign_pos=(11.3999996185303, 0.0) segment=0 into=11.4 pending=
GameplayRuntime: after_turn force=debug_hq_force state=at_destination campaign_pos=(12.0, 0.0) segment=0 into=12.0 pending=debug_hq_assault
TacticalDeploymentController: attacker vehicle auto-placement failed code=no_legal_candidates
GameplayRuntime: mode=tactical_deployment pending=
TacticalDeploymentController: deployed sandbox_attacker_unit_01 to cover sandbox_transport_00__door_0_north slot sandbox_transport_00__door_0_north_cover
TacticalDeploymentController: deployed sandbox_attacker_unit_02 to cover sandbox_transport_00__door_0_south slot sandbox_transport_00__door_0_south_cover
TacticalDeploymentController: deployed sandbox_attacker_unit_03 to cover sandbox_transport_01__door_1_north slot sandbox_transport_01__door_1_north_cover
TacticalDeploymentController: deployed sandbox_attacker_unit_04 to cover sandbox_transport_01__door_1_south slot sandbox_transport_01__door_1_south_cover
TacticalDeploymentController: deployed sandbox_attacker_unit_05 to cover sandbox_transport_02__door_0_north slot sandbox_transport_02__door_0_north_cover
TacticalDeploymentController: deployed sandbox_attacker_unit_06 to cover sandbox_transport_02__door_0_south slot sandbox_transport_02__door_0_south_cover
TacticalDeploymentController: deployed sandbox_attacker_unit_07 to cover cover_traffic_1_0 slot cover_traffic_1_0_2
TacticalDeploymentController: deployed sandbox_attacker_unit_08 to cover cover_traffic_2_0 slot cover_traffic_2_0_3
TacticalDeploymentController: deployed sandbox_attacker_unit_09 to cover cover_traffic_3_0 slot cover_traffic_3_0_3
TacticalDeploymentController: deployed sandbox_attacker_unit_10 to cover sandbox_transport_00__body_cover slot sandbox_transport_00__body_cover__front
TacticalDeploymentController: deployed sandbox_attacker_unit_11 to cover sandbox_transport_00__body_cover slot sandbox_transport_00__body_cover__left
TacticalDeploymentController: deployed sandbox_attacker_unit_12 to cover sandbox_transport_00__body_cover slot sandbox_transport_00__body_cover__rear
TacticalDeploymentController: attacker side attacker committed
TacticalDeploymentController: defender AI deployed and committed side defender posture=even
GameplayRuntime: mode=tactical_active pending=
LIVE_WINDOW { "wall_seconds": 5.011496, "fps": 46.2935618426115, "sim_seconds": 5.06811322222221 }
LIVE_WINDOW { "wall_seconds": 10.021315, "fps": 37.1270898210095, "sim_seconds": 10.0792146666667 }
LIVE_WINDOW { "wall_seconds": 15.040066, "fps": 46.8243991383514, "sim_seconds": 15.103327 }
LIVE_WINDOW { "wall_seconds": 20.047548, "fps": 48.7270847903198, "sim_seconds": 20.1166666666667 }
LIVE_WINDOW { "wall_seconds": 25.06174, "fps": 43.2771621030866, "sim_seconds": 24.9251096931216 }
LIVE_DONE {"damage":15.881,"fps":42.3415651754452,"late_paused_fps":60.5708411970477,"living":18,"max_frame_ms":292.985,"p95_frame_ms":31.842,"rendered":24,"sim_seconds":29.5199519191919,"units":24,"wall_seconds":30.017785,"windows":[{"fps":46.2935618426115,"sim_seconds":5.06811322222221,"wall_seconds":5.011496},{"fps":37.1270898210095,"sim_seconds":10.0792146666667,"wall_seconds":10.021315},{"fps":46.8243991383514,"sim_seconds":15.103327,"wall_seconds":15.040066},{"fps":48.7270847903198,"sim_seconds":20.1166666666667,"wall_seconds":20.047548},{"fps":43.2771621030866,"sim_seconds":24.9251096931216,"wall_seconds":25.06174}]}
