Godot Engine v4.7.2.stable.official.ed1daf0bf - https://godotengine.org
D3D12 12_0 - Forward+ - Using Device #0: NVIDIA - NVIDIA GeForce GTX 1650 with Max-Q Design

GameplayRuntime: booted mode=campaign turn=1 player=player_gang pending=
GameplayRuntime: mode=campaign pending=
GameplayRuntime: after_turn force=debug_hq_force state=traveling_outbound campaign_pos=(7.59999990463257, 0.0) segment=0 into=7.6 pending=
GameplayRuntime: after_turn force=debug_hq_force state=traveling_outbound campaign_pos=(11.3999996185303, 0.0) segment=0 into=11.4 pending=
GameplayRuntime: after_turn force=debug_hq_force state=at_destination campaign_pos=(12.0, 0.0) segment=0 into=12.0 pending=debug_hq_assault
TacticalDeploymentController: attacker vehicle auto-placement failed code=no_legal_candidates
GameplayRuntime: mode=tactical_deployment pending=
TacticalDeploymentController: deployed sandbox_attacker_unit_01 to cover sandbox_transport_00__door_0_north slot sandbox_transport_00__door_0_north_cover
TacticalDeploymentController: deployed sandbox_attacker_unit_02 to cover sandbox_transport_00__door_0_south slot sandbox_transport_00__door_0_south_cover
TacticalDeploymentController: deployed sandbox_attacker_unit_03 to cover sandbox_transport_01__door_1_north slot sandbox_transport_01__door_1_north_cover
TacticalDeploymentController: deployed sandbox_attacker_unit_04 to cover sandbox_transport_01__door_1_south slot sandbox_transport_01__door_1_south_cover
TacticalDeploymentController: deployed sandbox_attacker_unit_05 to cover sandbox_transport_02__door_0_north slot sandbox_transport_02__door_0_north_cover
TacticalDeploymentController: deployed sandbox_attacker_unit_06 to cover sandbox_transport_02__door_0_south slot sandbox_transport_02__door_0_south_cover
TacticalDeploymentController: deployed sandbox_attacker_unit_07 to cover cover_traffic_1_0 slot cover_traffic_1_0_2
TacticalDeploymentController: deployed sandbox_attacker_unit_08 to cover cover_traffic_2_0 slot cover_traffic_2_0_3
TacticalDeploymentController: deployed sandbox_attacker_unit_09 to cover cover_traffic_3_0 slot cover_traffic_3_0_3
TacticalDeploymentController: deployed sandbox_attacker_unit_10 to cover sandbox_transport_00__body_cover slot sandbox_transport_00__body_cover__front
TacticalDeploymentController: deployed sandbox_attacker_unit_11 to cover sandbox_transport_00__body_cover slot sandbox_transport_00__body_cover__left
TacticalDeploymentController: deployed sandbox_attacker_unit_12 to cover sandbox_transport_00__body_cover slot sandbox_transport_00__body_cover__rear
TacticalDeploymentController: attacker side attacker committed
TacticalDeploymentController: defender AI deployed and committed side defender posture=even
GameplayRuntime: mode=tactical_active pending=
LIVE_WINDOW { "wall_seconds": 5.007391, "fps": 37.9439113103011, "sim_seconds": 5.07078299999999 }
LIVE_WINDOW { "wall_seconds": 10.014212, "fps": 30.5583123502917, "sim_seconds": 10.0581952121212 }
LIVE_WINDOW { "wall_seconds": 15.027493, "fps": 36.1041002888129, "sim_seconds": 15.0937093333333 }
LIVE_WINDOW { "wall_seconds": 20.033301, "fps": 37.3566065658132, "sim_seconds": 20.090629 }
LIVE_WINDOW { "wall_seconds": 25.05186, "fps": 32.2801824188975, "sim_seconds": 24.9407626666667 }
LIVE_DONE {"damage":15.791,"fps":34.0437234666317,"late_paused_fps":60.5667609615843,"living":21,"max_frame_ms":233.693,"p95_frame_ms":39.124,"rendered":24,"sim_seconds":29.6865384348245,"units":24,"wall_seconds":30.020218,"windows":[{"fps":37.9439113103011,"sim_seconds":5.07078299999999,"wall_seconds":5.007391},{"fps":30.5583123502917,"sim_seconds":10.0581952121212,"wall_seconds":10.014212},{"fps":36.1041002888129,"sim_seconds":15.0937093333333,"wall_seconds":15.027493},{"fps":37.3566065658132,"sim_seconds":20.090629,"wall_seconds":20.033301},{"fps":32.2801824188975,"sim_seconds":24.9407626666667,"wall_seconds":25.05186}]}
