Godot Engine v4.7.2.stable.official.ed1daf0bf - https://godotengine.org

D3D12 12_0 - Forward+ - Using Device #0: NVIDIA - NVIDIA GeForce GTX 1650 with Max-Q Design



GameplayRuntime: booted mode=campaign turn=1 player=player_gang pending=

GameplayRuntime: mode=campaign pending=

GameplayRuntime: after_turn force=debug_hq_force state=traveling_outbound campaign_pos=(7.59999990463257, 0.0) segment=0 into=7.6 pending=

GameplayRuntime: after_turn force=debug_hq_force state=traveling_outbound campaign_pos=(11.3999996185303, 0.0) segment=0 into=11.4 pending=

GameplayRuntime: after_turn force=debug_hq_force state=at_destination campaign_pos=(12.0, 0.0) segment=0 into=12.0 pending=debug_hq_assault

TacticalDeploymentController: attacker vehicle auto-placement failed code=no_legal_candidates

GameplayRuntime: mode=tactical_deployment pending=

TacticalDeploymentController: deployed sandbox_attacker_unit_01 to cover sandbox_transport_00__door_0_north slot sandbox_transport_00__door_0_north_cover

TacticalDeploymentController: deployed sandbox_attacker_unit_02 to cover sandbox_transport_00__door_0_south slot sandbox_transport_00__door_0_south_cover

TacticalDeploymentController: deployed sandbox_attacker_unit_03 to cover sandbox_transport_01__door_1_north slot sandbox_transport_01__door_1_north_cover

TacticalDeploymentController: deployed sandbox_attacker_unit_04 to cover sandbox_transport_01__door_1_south slot sandbox_transport_01__door_1_south_cover

TacticalDeploymentController: deployed sandbox_attacker_unit_05 to cover sandbox_transport_02__door_0_north slot sandbox_transport_02__door_0_north_cover

TacticalDeploymentController: deployed sandbox_attacker_unit_06 to cover sandbox_transport_02__door_0_south slot sandbox_transport_02__door_0_south_cover

TacticalDeploymentController: deployed sandbox_attacker_unit_07 to cover cover_traffic_1_0 slot cover_traffic_1_0_2

TacticalDeploymentController: deployed sandbox_attacker_unit_08 to cover cover_traffic_2_0 slot cover_traffic_2_0_3

TacticalDeploymentController: deployed sandbox_attacker_unit_09 to cover cover_traffic_3_0 slot cover_traffic_3_0_3

TacticalDeploymentController: deployed sandbox_attacker_unit_10 to cover sandbox_transport_00__body_cover slot sandbox_transport_00__body_cover__front

TacticalDeploymentController: deployed sandbox_attacker_unit_11 to cover sandbox_transport_00__body_cover slot sandbox_transport_00__body_cover__left

TacticalDeploymentController: deployed sandbox_attacker_unit_12 to cover sandbox_transport_00__body_cover slot sandbox_transport_00__body_cover__rear

TacticalDeploymentController: attacker side attacker committed

TacticalDeploymentController: defender AI deployed and committed side defender posture=even

GameplayRuntime: mode=tactical_active pending=

LIVE_WINDOW { "wall_seconds": 5.003992, "fps": 65.1479858480989, "sim_seconds": 5.088548 }

LIVE_WINDOW { "wall_seconds": 10.005101, "fps": 61.3863844999179, "sim_seconds": 10.0869450000001 }

LIVE_WINDOW { "wall_seconds": 15.020201, "fps": 60.8163346692987, "sim_seconds": 15.1020910000002 }

LIVE_WINDOW { "wall_seconds": 20.034857, "fps": 60.6223039028001, "sim_seconds": 20.1253743333335 }

LIVE_WINDOW { "wall_seconds": 25.039996, "fps": 58.5398327598894, "sim_seconds": 25.121642 }

LIVE_DONE {"bulwarks":false,"damage":20.007,"fps":61.3118496612121,"late_paused_fps":139.117948234132,"living":17,"los_cache_entries":2588,"max_frame_ms":41.732,"nav_cache_entries":138,"over_100ms":0,"over_33ms":1,"p95_frame_ms":19.419,"p99_frame_ms":23.004,"rendered":24,"setup_ms":20895.251,"sim_seconds":30.0855876296297,"uncapped":true,"units":24,"wall_seconds":30.010512,"windows":[{"fps":65.1479858480989,"sim_seconds":5.088548,"wall_seconds":5.003992},{"fps":61.3863844999179,"sim_seconds":10.0869450000001,"wall_seconds":10.005101},{"fps":60.8163346692987,"sim_seconds":15.1020910000002,"wall_seconds":15.020201},{"fps":60.6223039028001,"sim_seconds":20.1253743333335,"wall_seconds":20.034857},{"fps":58.5398327598894,"sim_seconds":25.121642,"wall_seconds":25.039996}]}
