Godot Engine v4.7.2.stable.official.ed1daf0bf - https://godotengine.org

D3D12 12_0 - Forward+ - Using Device #0: NVIDIA - NVIDIA GeForce GTX 1650 with Max-Q Design



GameplayRuntime: booted mode=campaign turn=1 player=player_gang pending=

GameplayRuntime: mode=campaign pending=

GameplayRuntime: after_turn force=debug_hq_force state=traveling_outbound campaign_pos=(7.79999971389771, 0.0) segment=0 into=7.8 pending=

GameplayRuntime: after_turn force=debug_hq_force state=traveling_outbound campaign_pos=(11.7000007629395, 0.0) segment=0 into=11.7 pending=

GameplayRuntime: after_turn force=debug_hq_force state=at_destination campaign_pos=(12.0, 0.0) segment=0 into=12.0 pending=debug_hq_assault

TacticalDeploymentController: attacker vehicle auto-placement failed code=no_legal_candidates

GameplayRuntime: mode=tactical_deployment pending=

TacticalDeploymentController: deployed sandbox_attacker_unit_01 to cover sandbox_transport_00__door_0_north slot sandbox_transport_00__door_0_north_cover

TacticalDeploymentController: deployed sandbox_attacker_unit_02 to cover sandbox_transport_00__door_0_south slot sandbox_transport_00__door_0_south_cover

TacticalDeploymentController: deployed sandbox_attacker_unit_03 to cover sandbox_transport_01__door_0_north slot sandbox_transport_01__door_0_north_cover

TacticalDeploymentController: deployed sandbox_attacker_unit_04 to cover sandbox_transport_01__door_0_south slot sandbox_transport_01__door_0_south_cover

TacticalDeploymentController: deployed sandbox_attacker_unit_05 to cover sandbox_transport_02__door_0_north slot sandbox_transport_02__door_0_north_cover

TacticalDeploymentController: deployed sandbox_attacker_unit_06 to cover sandbox_transport_02__door_0_south slot sandbox_transport_02__door_0_south_cover

TacticalDeploymentController: deployed sandbox_attacker_unit_07 to cover cover_traffic_1_0 slot cover_traffic_1_0_2

TacticalDeploymentController: deployed sandbox_attacker_unit_08 to cover cover_traffic_2_0 slot cover_traffic_2_0_3

TacticalDeploymentController: deployed sandbox_attacker_unit_09 to cover cover_traffic_3_0 slot cover_traffic_3_0_3

TacticalDeploymentController: deployed sandbox_attacker_unit_10 to cover sandbox_transport_00__body_cover slot sandbox_transport_00__body_cover__front

TacticalDeploymentController: deployed sandbox_attacker_unit_11 to cover sandbox_transport_00__body_cover slot sandbox_transport_00__body_cover__left

TacticalDeploymentController: deployed sandbox_attacker_unit_12 to cover sandbox_transport_00__body_cover slot sandbox_transport_00__body_cover__rear

TacticalDeploymentController: attacker side attacker committed

TacticalDeploymentController: defender AI deployed and committed side defender posture=even

GameplayRuntime: mode=tactical_active pending=

LIVE_WINDOW { "wall_seconds": 5.009989, "fps": 56.2875487351369, "sim_seconds": 5.10649199999999 }

LIVE_WINDOW { "wall_seconds": 10.024273, "fps": 60.2279408186692, "sim_seconds": 10.1060016666667 }

LIVE_WINDOW { "wall_seconds": 15.03861, "fps": 57.2358818324337, "sim_seconds": 15.1276913333335 }

LIVE_WINDOW { "wall_seconds": 20.049801, "fps": 60.0655612607861, "sim_seconds": 20.1329286666667 }

LIVE_WINDOW { "wall_seconds": 25.051282, "fps": 60.382114817591, "sim_seconds": 25.1662619999997 }

LIVE_DONE {"bulwarks":true,"damage":19.087,"fps":59.030141770335,"late_paused_fps":60.0075677317977,"living":17,"los_cache_entries":2923,"max_frame_ms":48.512,"nav_cache_entries":195,"over_100ms":0,"over_33ms":6,"p95_frame_ms":19.249,"p99_frame_ms":21.9,"rendered":24,"setup_ms":22050.405,"sim_seconds":30.1162619999994,"uncapped":false,"units":24,"wall_seconds":30.001622,"windows":[{"fps":56.2875487351369,"sim_seconds":5.10649199999999,"wall_seconds":5.009989},{"fps":60.2279408186692,"sim_seconds":10.1060016666667,"wall_seconds":10.024273},{"fps":57.2358818324337,"sim_seconds":15.1276913333335,"wall_seconds":15.03861},{"fps":60.0655612607861,"sim_seconds":20.1329286666667,"wall_seconds":20.049801},{"fps":60.382114817591,"sim_seconds":25.1662619999997,"wall_seconds":25.051282}]}
