Godot Engine v4.7.2.stable.official.ed1daf0bf - https://godotengine.org
D3D12 12_0 - Forward+ - Using Device #0: NVIDIA - NVIDIA GeForce GTX 1650 with Max-Q Design

GameplayRuntime: booted mode=campaign turn=1 player=player_gang pending=
GameplayRuntime: mode=campaign pending=
GameplayRuntime: after_turn force=debug_hq_force state=traveling_outbound campaign_pos=(7.59999990463257, 0.0) segment=0 into=7.6 pending=
GameplayRuntime: after_turn force=debug_hq_force state=traveling_outbound campaign_pos=(11.3999996185303, 0.0) segment=0 into=11.4 pending=
GameplayRuntime: after_turn force=debug_hq_force state=at_destination campaign_pos=(12.0, 0.0) segment=0 into=12.0 pending=debug_hq_assault
TacticalDeploymentController: attacker vehicle auto-placement failed code=no_legal_candidates
GameplayRuntime: mode=tactical_deployment pending=
TacticalDeploymentController: deployed sandbox_attacker_unit_01 to cover sandbox_transport_00__door_0_north slot sandbox_transport_00__door_0_north_cover
TacticalDeploymentController: deployed sandbox_attacker_unit_02 to cover sandbox_transport_00__door_0_south slot sandbox_transport_00__door_0_south_cover
TacticalDeploymentController: deployed sandbox_attacker_unit_03 to cover sandbox_transport_01__door_1_north slot sandbox_transport_01__door_1_north_cover
TacticalDeploymentController: deployed sandbox_attacker_unit_04 to cover sandbox_transport_01__door_1_south slot sandbox_transport_01__door_1_south_cover
TacticalDeploymentController: deployed sandbox_attacker_unit_05 to cover sandbox_transport_02__door_0_north slot sandbox_transport_02__door_0_north_cover
TacticalDeploymentController: deployed sandbox_attacker_unit_06 to cover sandbox_transport_02__door_0_south slot sandbox_transport_02__door_0_south_cover
TacticalDeploymentController: deployed sandbox_attacker_unit_07 to cover cover_traffic_1_0 slot cover_traffic_1_0_2
TacticalDeploymentController: deployed sandbox_attacker_unit_08 to cover cover_traffic_2_0 slot cover_traffic_2_0_3
TacticalDeploymentController: deployed sandbox_attacker_unit_09 to cover cover_traffic_3_0 slot cover_traffic_3_0_3
TacticalDeploymentController: deployed sandbox_attacker_unit_10 to cover sandbox_transport_00__body_cover slot sandbox_transport_00__body_cover__front
TacticalDeploymentController: deployed sandbox_attacker_unit_11 to cover sandbox_transport_00__body_cover slot sandbox_transport_00__body_cover__left
TacticalDeploymentController: deployed sandbox_attacker_unit_12 to cover sandbox_transport_00__body_cover slot sandbox_transport_00__body_cover__rear
TacticalDeploymentController: attacker side attacker committed
TacticalDeploymentController: defender AI deployed and committed side defender posture=even
GameplayRuntime: mode=tactical_active pending=
LIVE_WINDOW { "wall_seconds": 5.007188, "fps": 74.2931961012848, "sim_seconds": 5.08943266666668 }
LIVE_WINDOW { "wall_seconds": 10.009121, "fps": 75.7707070446565, "sim_seconds": 10.093875 }
LIVE_WINDOW { "wall_seconds": 15.01508, "fps": 74.311435631015, "sim_seconds": 15.1048701851853 }
LIVE_WINDOW { "wall_seconds": 20.016199, "fps": 75.3831292556726, "sim_seconds": 20.1011539629626 }
LIVE_WINDOW { "wall_seconds": 25.024585, "fps": 68.6848018503366, "sim_seconds": 25.1068899999997 }
LIVE_DONE {"build":{"debug":true,"editor":true,"version":{"build":"official","hash":"ed1daf0bf001b61586d9930840f2f1394092c079","hex":263938,"major":4,"minor":7,"patch":2,"status":"stable","string":"4.7.2-stable (official)","timestamp":0}},"bulwarks":false,"damage":15.998,"display":{"max_fps":0,"refresh_hz":59.9992141723633,"vsync_mode":0},"fps":73.3304954431597,"late_paused_fps":164.726169730727,"living":18,"los_cache_entries":2926,"max_frame_ms":64.674,"nav_cache_entries":209,"over_100ms":0,"over_33ms":1,"p95_frame_ms":15.905,"p99_frame_ms":18.457,"rendered":24,"setup_ms":19613.286,"sim_seconds":30.0944623333329,"uncapped":true,"units":24,"wall_seconds":30.001161,"windows":[{"fps":74.2931961012848,"sim_seconds":5.08943266666668,"wall_seconds":5.007188},{"fps":75.7707070446565,"sim_seconds":10.093875,"wall_seconds":10.009121},{"fps":74.311435631015,"sim_seconds":15.1048701851853,"wall_seconds":15.01508},{"fps":75.3831292556726,"sim_seconds":20.1011539629626,"wall_seconds":20.016199},{"fps":68.6848018503366,"sim_seconds":25.1068899999997,"wall_seconds":25.024585}]}
