Godot Engine v4.7.2.stable.official.ed1daf0bf - https://godotengine.org
D3D12 12_0 - Forward+ - Using Device #0: NVIDIA - NVIDIA GeForce GTX 1650 with Max-Q Design

GameplayRuntime: booted mode=campaign turn=1 player=player_gang pending=
GameplayRuntime: mode=campaign pending=
GameplayRuntime: after_turn force=debug_hq_force state=traveling_outbound campaign_pos=(7.59999990463257, 0.0) segment=0 into=7.6 pending=
GameplayRuntime: after_turn force=debug_hq_force state=traveling_outbound campaign_pos=(11.3999996185303, 0.0) segment=0 into=11.4 pending=
GameplayRuntime: after_turn force=debug_hq_force state=at_destination campaign_pos=(12.0, 0.0) segment=0 into=12.0 pending=debug_hq_assault
TacticalDeploymentController: attacker vehicle auto-placement failed code=no_legal_candidates
GameplayRuntime: mode=tactical_deployment pending=
TacticalDeploymentController: deployed sandbox_attacker_unit_01 to cover sandbox_transport_00__door_0_north slot sandbox_transport_00__door_0_north_cover
TacticalDeploymentController: deployed sandbox_attacker_unit_02 to cover sandbox_transport_00__door_0_south slot sandbox_transport_00__door_0_south_cover
TacticalDeploymentController: deployed sandbox_attacker_unit_03 to cover sandbox_transport_01__door_1_north slot sandbox_transport_01__door_1_north_cover
TacticalDeploymentController: deployed sandbox_attacker_unit_04 to cover sandbox_transport_01__door_1_south slot sandbox_transport_01__door_1_south_cover
TacticalDeploymentController: deployed sandbox_attacker_unit_05 to cover sandbox_transport_02__door_0_north slot sandbox_transport_02__door_0_north_cover
TacticalDeploymentController: deployed sandbox_attacker_unit_06 to cover sandbox_transport_02__door_0_south slot sandbox_transport_02__door_0_south_cover
TacticalDeploymentController: deployed sandbox_attacker_unit_07 to cover cover_traffic_1_0 slot cover_traffic_1_0_2
TacticalDeploymentController: deployed sandbox_attacker_unit_08 to cover cover_traffic_2_0 slot cover_traffic_2_0_3
TacticalDeploymentController: deployed sandbox_attacker_unit_09 to cover cover_traffic_3_0 slot cover_traffic_3_0_3
TacticalDeploymentController: deployed sandbox_attacker_unit_10 to cover sandbox_transport_00__body_cover slot sandbox_transport_00__body_cover__front
TacticalDeploymentController: deployed sandbox_attacker_unit_11 to cover sandbox_transport_00__body_cover slot sandbox_transport_00__body_cover__left
TacticalDeploymentController: deployed sandbox_attacker_unit_12 to cover sandbox_transport_00__body_cover slot sandbox_transport_00__body_cover__rear
TacticalDeploymentController: attacker side attacker committed
TacticalDeploymentController: defender AI deployed and committed side defender posture=even
GameplayRuntime: mode=tactical_active pending=
LIVE_WINDOW { "wall_seconds": 5.004378, "fps": 57.3497845286667, "sim_seconds": 5.07652214814815 }
LIVE_WINDOW { "wall_seconds": 10.012395, "fps": 83.8655300091833, "sim_seconds": 10.0959036666666 }
LIVE_WINDOW { "wall_seconds": 15.013078, "fps": 90.987571097788, "sim_seconds": 15.0986010909088 }
LIVE_WINDOW { "wall_seconds": 20.02332, "fps": 93.2090705399061, "sim_seconds": 20.107566 }
LIVE_WINDOW { "wall_seconds": 25.029995, "fps": 88.8813434065522, "sim_seconds": 25.1179954444449 }
LIVE_DONE {"build":{"debug":false,"editor":false,"version":{"build":"official","hash":"ed1daf0bf001b61586d9930840f2f1394092c079","hex":263938,"major":4,"minor":7,"patch":2,"status":"stable","string":"4.7.2-stable (official)","timestamp":0}},"bulwarks":false,"damage":17.445,"display":{"max_fps":0,"refresh_hz":59.9992141723633,"vsync_mode":0},"fps":85.5865115657772,"late_paused_fps":170.072479654755,"living":16,"los_cache_entries":2634,"max_frame_ms":35.539,"nav_cache_entries":121,"over_100ms":0,"over_33ms":1,"p95_frame_ms":16.978,"p99_frame_ms":23.721,"rendered":24,"setup_ms":19851.968,"sim_seconds":30.0990423333342,"uncapped":true,"units":24,"wall_seconds":30.004728,"windows":[{"fps":57.3497845286667,"sim_seconds":5.07652214814815,"wall_seconds":5.004378},{"fps":83.8655300091833,"sim_seconds":10.0959036666666,"wall_seconds":10.012395},{"fps":90.987571097788,"sim_seconds":15.0986010909088,"wall_seconds":15.013078},{"fps":93.2090705399061,"sim_seconds":20.107566,"wall_seconds":20.02332},{"fps":88.8813434065522,"sim_seconds":25.1179954444449,"wall_seconds":25.029995}]}
