Godot Engine v4.7.2.stable.official.ed1daf0bf - https://godotengine.org
D3D12 12_0 - Forward+ - Using Device #0: NVIDIA - NVIDIA GeForce GTX 1650 with Max-Q Design

GameplayRuntime: booted mode=campaign turn=1 player=player_gang pending=
GameplayRuntime: mode=campaign pending=
GameplayRuntime: after_turn force=debug_hq_force state=traveling_outbound campaign_pos=(7.79999971389771, 0.0) segment=0 into=7.8 pending=
GameplayRuntime: after_turn force=debug_hq_force state=traveling_outbound campaign_pos=(11.7000007629395, 0.0) segment=0 into=11.7 pending=
GameplayRuntime: after_turn force=debug_hq_force state=at_destination campaign_pos=(12.0, 0.0) segment=0 into=12.0 pending=debug_hq_assault
TacticalDeploymentController: attacker vehicle auto-placement failed code=no_legal_candidates
GameplayRuntime: mode=tactical_deployment pending=
TacticalDeploymentController: deployed sandbox_attacker_unit_01 to cover sandbox_transport_00__door_0_north slot sandbox_transport_00__door_0_north_cover
TacticalDeploymentController: deployed sandbox_attacker_unit_02 to cover sandbox_transport_00__door_0_south slot sandbox_transport_00__door_0_south_cover
TacticalDeploymentController: deployed sandbox_attacker_unit_03 to cover sandbox_transport_01__door_0_north slot sandbox_transport_01__door_0_north_cover
TacticalDeploymentController: deployed sandbox_attacker_unit_04 to cover sandbox_transport_01__door_0_south slot sandbox_transport_01__door_0_south_cover
TacticalDeploymentController: deployed sandbox_attacker_unit_05 to cover sandbox_transport_02__door_0_north slot sandbox_transport_02__door_0_north_cover
TacticalDeploymentController: deployed sandbox_attacker_unit_06 to cover sandbox_transport_02__door_0_south slot sandbox_transport_02__door_0_south_cover
TacticalDeploymentController: deployed sandbox_attacker_unit_07 to cover cover_traffic_1_0 slot cover_traffic_1_0_2
TacticalDeploymentController: deployed sandbox_attacker_unit_08 to cover cover_traffic_2_0 slot cover_traffic_2_0_3
TacticalDeploymentController: deployed sandbox_attacker_unit_09 to cover cover_traffic_3_0 slot cover_traffic_3_0_3
TacticalDeploymentController: deployed sandbox_attacker_unit_10 to cover sandbox_transport_00__body_cover slot sandbox_transport_00__body_cover__front
TacticalDeploymentController: deployed sandbox_attacker_unit_11 to cover sandbox_transport_00__body_cover slot sandbox_transport_00__body_cover__left
TacticalDeploymentController: deployed sandbox_attacker_unit_12 to cover sandbox_transport_00__body_cover slot sandbox_transport_00__body_cover__rear
TacticalDeploymentController: deployed sandbox_attacker_unit_13 to cover sandbox_transport_00__body_cover slot sandbox_transport_00__body_cover__right
TacticalDeploymentController: deployed sandbox_attacker_unit_14 to cover sandbox_transport_01__body_cover slot sandbox_transport_01__body_cover__front
TacticalDeploymentController: deployed sandbox_attacker_unit_15 to cover sandbox_transport_01__body_cover slot sandbox_transport_01__body_cover__left
TacticalDeploymentController: deployed sandbox_attacker_unit_16 to cover sandbox_transport_01__body_cover slot sandbox_transport_01__body_cover__rear
TacticalDeploymentController: attacker side attacker committed
TacticalDeploymentController: defender AI deployed and committed side defender posture=even
GameplayRuntime: mode=tactical_active pending=
LIVE_WINDOW { "wall_seconds": 5.010213, "fps": 58.680139946146, "sim_seconds": 5.09168733333332 }
LIVE_WINDOW { "wall_seconds": 10.026908, "fps": 59.999661131482, "sim_seconds": 10.1084136666667 }
LIVE_WINDOW { "wall_seconds": 15.039699, "fps": 59.6474099957489, "sim_seconds": 15.1245473333337 }
LIVE_WINDOW { "wall_seconds": 20.043963, "fps": 60.3485347695485, "sim_seconds": 20.1578806666668 }
LIVE_WINDOW { "wall_seconds": 25.060649, "fps": 59.9997687716552, "sim_seconds": 25.1745473333332 }
LIVE_DONE {"build":{"debug":false,"editor":false,"version":{"build":"official","hash":"ed1daf0bf001b61586d9930840f2f1394092c079","hex":263938,"major":4,"minor":7,"patch":2,"status":"stable","string":"4.7.2-stable (official)","timestamp":0}},"bulwarks":true,"damage":21.348,"display":{"max_fps":0,"refresh_hz":59.9992141723633,"vsync_mode":1},"fps":59.7781152320136,"late_paused_fps":60.0101279551499,"living":22,"los_cache_entries":1665,"max_frame_ms":40.182,"nav_cache_entries":520,"over_100ms":0,"over_33ms":3,"p95_frame_ms":17.031,"p99_frame_ms":20.918,"rendered":32,"setup_ms":22175.938,"sim_seconds":30.1245473333329,"uncapped":false,"units":32,"wall_seconds":30.010983,"windows":[{"fps":58.680139946146,"sim_seconds":5.09168733333332,"wall_seconds":5.010213},{"fps":59.999661131482,"sim_seconds":10.1084136666667,"wall_seconds":10.026908},{"fps":59.6474099957489,"sim_seconds":15.1245473333337,"wall_seconds":15.039699},{"fps":60.3485347695485,"sim_seconds":20.1578806666668,"wall_seconds":20.043963},{"fps":59.9997687716552,"sim_seconds":25.1745473333332,"wall_seconds":25.060649}]}
