Godot Engine v4.7.2.stable.official.ed1daf0bf - https://godotengine.org
D3D12 12_0 - Forward+ - Using Device #0: NVIDIA - NVIDIA GeForce GTX 1650 with Max-Q Design

GameplayRuntime: booted mode=campaign turn=1 player=player_gang pending=
GameplayRuntime: mode=campaign pending=
GameplayRuntime: after_turn force=debug_hq_force state=traveling_outbound campaign_pos=(7.59999990463257, 0.0) segment=0 into=7.6 pending=
GameplayRuntime: after_turn force=debug_hq_force state=traveling_outbound campaign_pos=(11.3999996185303, 0.0) segment=0 into=11.4 pending=
GameplayRuntime: after_turn force=debug_hq_force state=at_destination campaign_pos=(12.0, 0.0) segment=0 into=12.0 pending=debug_hq_assault
TacticalDeploymentController: auto-placed 2 attacker vehicle(s)
GameplayRuntime: mode=tactical_deployment pending=
TacticalDeploymentController: deployed sandbox_attacker_unit_01 to cover sandbox_transport_00__door_0_north slot sandbox_transport_00__door_0_north_cover
TacticalDeploymentController: deployed sandbox_attacker_unit_02 to cover sandbox_transport_00__door_0_south slot sandbox_transport_00__door_0_south_cover
TacticalDeploymentController: deployed sandbox_attacker_unit_03 to cover sandbox_transport_01__door_1_north slot sandbox_transport_01__door_1_north_cover
TacticalDeploymentController: deployed sandbox_attacker_unit_04 to cover sandbox_transport_01__door_1_south slot sandbox_transport_01__door_1_south_cover
TacticalDeploymentController: deployed sandbox_attacker_unit_05 to cover cover_traffic_1_0 slot cover_traffic_1_0_2
TacticalDeploymentController: deployed sandbox_attacker_unit_06 to cover cover_traffic_2_0 slot cover_traffic_2_0_3
TacticalDeploymentController: deployed sandbox_attacker_unit_07 to cover cover_traffic_3_0 slot cover_traffic_3_0_3
TacticalDeploymentController: deployed sandbox_attacker_unit_08 to cover sandbox_transport_00__body_cover slot sandbox_transport_00__body_cover__front
TacticalDeploymentController: attacker side attacker committed
TacticalDeploymentController: defender AI deployed and committed side defender posture=even
GameplayRuntime: mode=tactical_active pending=
BENCH_PROGRESS after { "sim_seconds": 5.99999999999999, "mean_update_ms": 33.1695, "fps_snapshot": 24.0 }
BENCH_PROGRESS after { "sim_seconds": 12.0, "mean_update_ms": 27.4474166666667, "fps_snapshot": 34.0 }
BENCH_PROGRESS after { "sim_seconds": 18.0000000000001, "mean_update_ms": 26.6618083333333, "fps_snapshot": 28.0 }
BENCH_PROGRESS after { "sim_seconds": 24.0000000000002, "mean_update_ms": 25.2304083333333, "fps_snapshot": 31.0 }
BENCH_PROGRESS after { "sim_seconds": 30.0000000000003, "mean_update_ms": 25.0274833333333, "fps_snapshot": 35.0 }
BENCH_DONE {"checkpoints":[{"fps_snapshot":24.0,"mean_update_ms":33.1695,"sim_seconds":5.99999999999999},{"fps_snapshot":34.0,"mean_update_ms":27.4474166666667,"sim_seconds":12.0},{"fps_snapshot":28.0,"mean_update_ms":26.6618083333333,"sim_seconds":18.0000000000001},{"fps_snapshot":31.0,"mean_update_ms":25.2304083333333,"sim_seconds":24.0000000000002},{"fps_snapshot":35.0,"mean_update_ms":25.0274833333333,"sim_seconds":30.0000000000003}],"damage":6.931,"label":"after","living":13,"max_ms":81.695,"mean_ms":27.5073233333333,"moved":11,"occupied":6,"p95_ms":41.045,"paused_fps":16.0,"phase":"active","rendered":16,"sim_seconds":30.0000000000003,"stages_ms":{"combat":8948.83600000001,"movement":3086.821,"path_follow":115.784,"pressure":901.293,"tactics":36.9100000000001,"targets":1454.611,"weapon":1919.313},"steps":600,"units":16}
