Godot Engine v4.7.2.stable.official.ed1daf0bf - https://godotengine.org
D3D12 12_0 - Forward+ - Using Device #0: NVIDIA - NVIDIA GeForce GTX 1650 with Max-Q Design

GameplayRuntime: booted mode=campaign turn=1 player=player_gang pending=
GameplayRuntime: mode=campaign pending=
GameplayRuntime: after_turn force=debug_hq_force state=traveling_outbound campaign_pos=(8.19999980926514, 0.0) segment=0 into=8.2 pending=
GameplayRuntime: after_turn force=debug_hq_force state=at_destination campaign_pos=(12.0, 0.0) segment=0 into=12.0 pending=debug_hq_assault
TacticalDeploymentController: auto-placed 3 attacker vehicle(s)
GameplayRuntime: mode=tactical_deployment pending=
TacticalDeploymentController: deployed sandbox_attacker_unit_01 to cover sandbox_transport_00__door_1_north slot sandbox_transport_00__door_1_north_cover
TacticalDeploymentController: deployed sandbox_attacker_unit_02 to cover sandbox_transport_00__door_1_south slot sandbox_transport_00__door_1_south_cover
TacticalDeploymentController: deployed sandbox_attacker_unit_03 to cover sandbox_transport_01__door_1_north slot sandbox_transport_01__door_1_north_cover
TacticalDeploymentController: deployed sandbox_attacker_unit_04 to cover sandbox_transport_02__door_0_south slot sandbox_transport_02__door_0_south_cover
TacticalDeploymentController: deployed sandbox_attacker_unit_05 to cover sandbox_transport_02__door_1_north slot sandbox_transport_02__door_1_north_cover
TacticalDeploymentController: deployed sandbox_attacker_unit_06 to cover cover_north_car_3 slot cover_north_car_3_3
TacticalDeploymentController: deployed sandbox_attacker_unit_07 to cover cover_north_car_4 slot cover_north_car_4_1
TacticalDeploymentController: deployed sandbox_attacker_unit_08 to cover cover_north_car_4 slot cover_north_car_4_2
TacticalDeploymentController: deployed sandbox_attacker_unit_09 to cover cover_north_car_4 slot cover_north_car_4_3
TacticalDeploymentController: deployed sandbox_attacker_unit_10 to cover cover_north_car_5 slot cover_north_car_5_2
TacticalDeploymentController: deployed sandbox_attacker_unit_11 to cover cover_north_car_5 slot cover_north_car_5_3
TacticalDeploymentController: deployed sandbox_attacker_unit_12 to cover cover_south_car_3 slot cover_south_car_3_3
TacticalDeploymentController: attacker commit failed code=invalid_vehicle_pose
RANGE_FAIL native Harold fixture
SCRIPT ERROR: Invalid call. Nonexistent function 'get_node' in base 'Nil'.
   at: run (res://tools/harold_scale_20260915/check.gd:24)
   GDScript backtrace (most recent call first):
       [0] run (res://tools/harold_scale_20260915/check.gd:24)
       [1] start_battle (res://gameplay/arsenal_review.gd:192)
