pack exit 0 errors 0
Godot Engine v4.7.2.stable.official.ed1daf0bf - https://godotengine.org


Godot Engine v4.7.2.stable.official.ed1daf0bf - https://godotengine.org

GameplayRuntime: mode=campaign pending=
GameplayRuntime: after_turn force=debug_hq_force state=traveling_outbound campaign_pos=(7.59999990463257, 0.0) segment=0 into=7.6 pending=
GameplayRuntime: after_turn force=debug_hq_force state=traveling_outbound campaign_pos=(11.3999996185303, 0.0) segment=0 into=11.4 pending=
GameplayRuntime: after_turn force=debug_hq_force state=at_destination campaign_pos=(12.0, 0.0) segment=0 into=12.0 pending=debug_hq_assault
TacticalDeploymentController: attacker vehicle auto-placement failed code=no_legal_candidates
GameplayRuntime: mode=tactical_deployment pending=
TacticalDeploymentController: attacker side attacker committed
GameplayRuntime: mode=tactical_active pending=
PACE {"events":0,"time":0.0333333333333333,"trc":16,"whittaker":16}
PACE {"events":115,"time":10.0333333333333,"trc":15,"whittaker":13}
PACE {"events":215,"time":20.0333333333335,"trc":9,"whittaker":11}
PACE {"events":260,"time":30.033333333334,"trc":6,"whittaker":6}
PACE {"events":315,"time":40.0333333333336,"trc":5,"whittaker":2}
PROBE {"commands":[{"accepted":["sandbox_attacker_unit_01","sandbox_attacker_unit_02","sandbox_attacker_unit_03","sandbox_attacker_unit_04","sandbox_attacker_unit_05","sandbox_attacker_unit_06","sandbox_attacker_unit_07","sandbox_attacker_unit_08"],"command":"push","failed":[],"line":64.261604309082,"reason":"Exploit local numerical advantage","time":5.09999999999999},{"command":"hold","feedback":{"accepted":2,"command":"hold","failed":0},"ids":["sandbox_attacker_unit_10","sandbox_attacker_unit_12"],"reason":"Firing support has established covered overwatch","time":6.06666666666665},{"event":"defender_counterattack","reason":"TRC assault has lost half its effective strength","result":{"accepted":["sandbox_defender_unit_03","sandbox_defender_unit_06","sandbox_defender_unit_08","sandbox_defender_unit_10","sandbox_defender_unit_11","sandbox_defender_unit_12","sandbox_defender_unit_13","sandbox_defender_unit_14","sandbox_defender_unit_15","sandbox_defender_unit_16"],"failed":[]},"time":24.2000000000004},{"command":"clear","feedback":{"accepted":1,"command":"clear","failed":0},"ids":["sandbox_attacker_unit_12"],"reason":"Overwatch has lost contact; allow support to reposition","time":24.2000000000004},{"command":"clear","feedback":{"accepted":1,"command":"clear","failed":0},"ids":["sandbox_attacker_unit_10"],"reason":"Overwatch has lost contact; allow support to reposition","time":26.2000000000005}],"duration":48.9333333333331,"phase":"resolved","seed":9146,"snapshots":[{"events":0,"time":0.0333333333333333,"trc":16,"whittaker":16},{"events":115,"time":10.0333333333333,"trc":15,"whittaker":13},{"events":215,"time":20.0333333333335,"trc":9,"whittaker":11},{"events":260,"time":30.033333333334,"trc":6,"whittaker":6},{"events":315,"time":40.0333333333336,"trc":5,"whittaker":2}],"survivor_positions":[{"anchor":"(0.0, 0.0)","at":"(78.32486, 74.9999)","defend":false,"feedback":"Orders cleared","id":"sandbox_attacker_unit_10","nav":"","order":"","slot":"","target":"sandbox_defender_unit_16"},{"anchor":"(0.0, 0.0)","at":"(65.48605, 28.54611)","defend":false,"feedback":"Orders cleared","id":"sandbox_attacker_unit_12","nav":"combat","order":"","slot":"","target":"sandbox_defender_unit_16"},{"anchor":"(0.0, 0.0)","at":"(79.69823, 74.9999)","defend":false,"feedback":"","id":"sandbox_attacker_unit_13","nav":"","order":"","slot":"","target":"sandbox_defender_unit_16"},{"anchor":"(0.0, 0.0)","at":"(23.2776, 74.352)","defend":false,"feedback":"","id":"sandbox_attacker_unit_16","nav":"","order":"","slot":"sandbox_transport_02__door_1_south_cover","target":"sandbox_defender_unit_16"}],"winner":"attacker"}

Godot Engine v4.7.2.stable.official.ed1daf0bf - https://godotengine.org
D3D12 12_0 - Forward+ - Using Device #0: NVIDIA - NVIDIA GeForce GTX 1650 with Max-Q Design

GameplayRuntime: booted mode=campaign turn=1 player=player_gang pending=
GameplayRuntime: mode=campaign pending=
GameplayRuntime: after_turn force=debug_hq_force state=traveling_outbound campaign_pos=(7.59999990463257, 0.0) segment=0 into=7.6 pending=
GameplayRuntime: after_turn force=debug_hq_force state=traveling_outbound campaign_pos=(11.3999996185303, 0.0) segment=0 into=11.4 pending=
GameplayRuntime: after_turn force=debug_hq_force state=at_destination campaign_pos=(12.0, 0.0) segment=0 into=12.0 pending=debug_hq_assault
TacticalDeploymentController: attacker vehicle auto-placement failed code=no_legal_candidates
GameplayRuntime: mode=tactical_deployment pending=
TacticalDeploymentController: attacker side attacker committed
GameplayRuntime: mode=tactical_active pending=
ESTATE_PREVIEW 32 units / route errors []

Godot Engine v4.7.2.stable.official.ed1daf0bf - https://godotengine.org
D3D12 12_0 - Forward+ - Using Device #0: NVIDIA - NVIDIA GeForce GTX 1650 with Max-Q Design

GameplayRuntime: booted mode=campaign turn=1 player=player_gang pending=
GameplayRuntime: mode=campaign pending=
GameplayRuntime: after_turn force=debug_hq_force state=traveling_outbound campaign_pos=(7.59999990463257, 0.0) segment=0 into=7.6 pending=
GameplayRuntime: after_turn force=debug_hq_force state=traveling_outbound campaign_pos=(11.3999996185303, 0.0) segment=0 into=11.4 pending=
GameplayRuntime: after_turn force=debug_hq_force state=at_destination campaign_pos=(12.0, 0.0) segment=0 into=12.0 pending=debug_hq_assault
TacticalDeploymentController: attacker vehicle auto-placement failed code=no_legal_candidates
GameplayRuntime: mode=tactical_deployment pending=
TacticalDeploymentController: attacker side attacker committed
GameplayRuntime: mode=tactical_active pending=
ESTATE_NATIVE {"average_fps":43.8198416528136,"frames":483,"frames_over_16_67ms":482,"initial_units":32,"native_render":true,"p95_frame_ms":25.06,"resolution":[1920,1080],"route_errors":[],"seconds":12.0119283333334}

ESTATE_FIRST_CHECK_COMPLETE
