pack exit 0 errors 0
Godot Engine v4.7.2.stable.official.ed1daf0bf - https://godotengine.org


Godot Engine v4.7.2.stable.official.ed1daf0bf - https://godotengine.org

GameplayRuntime: mode=campaign pending=
GameplayRuntime: after_turn force=debug_hq_force state=traveling_outbound campaign_pos=(7.59999990463257, 0.0) segment=0 into=7.6 pending=
GameplayRuntime: after_turn force=debug_hq_force state=traveling_outbound campaign_pos=(11.3999996185303, 0.0) segment=0 into=11.4 pending=
GameplayRuntime: after_turn force=debug_hq_force state=at_destination campaign_pos=(12.0, 0.0) segment=0 into=12.0 pending=debug_hq_assault
TacticalDeploymentController: attacker vehicle auto-placement failed code=no_legal_candidates
GameplayRuntime: mode=tactical_deployment pending=
TacticalDeploymentController: attacker side attacker committed
GameplayRuntime: mode=tactical_active pending=
PACE {"events":0,"time":0.0333333333333333,"trc":16,"whittaker":16}
PACE {"events":115,"time":10.0333333333333,"trc":15,"whittaker":13}
PACE {"events":215,"time":20.0333333333335,"trc":9,"whittaker":11}
PACE {"events":234,"time":30.033333333334,"trc":7,"whittaker":10}
PACE {"events":243,"time":40.0333333333336,"trc":6,"whittaker":9}
PACE {"events":245,"time":50.0333333333331,"trc":5,"whittaker":9}
PACE {"events":245,"time":60.0333333333325,"trc":5,"whittaker":9}
PACE {"events":245,"time":70.0333333333319,"trc":5,"whittaker":9}
PACE {"events":245,"time":80.0333333333314,"trc":5,"whittaker":9}
PACE {"events":245,"time":90.0333333333308,"trc":5,"whittaker":9}
PACE {"events":245,"time":100.03333333333,"trc":5,"whittaker":9}
PACE {"events":245,"time":110.03333333333,"trc":5,"whittaker":9}
PACE {"events":245,"time":120.033333333329,"trc":5,"whittaker":9}
PACE {"events":245,"time":130.033333333329,"trc":5,"whittaker":9}
PACE {"events":245,"time":140.033333333328,"trc":5,"whittaker":9}
PACE {"events":245,"time":150.033333333327,"trc":5,"whittaker":9}
PACE {"events":245,"time":160.033333333327,"trc":5,"whittaker":9}
PACE {"events":245,"time":170.033333333326,"trc":5,"whittaker":9}
PROBE {"commands":[{"accepted":["sandbox_attacker_unit_01","sandbox_attacker_unit_02","sandbox_attacker_unit_03","sandbox_attacker_unit_04","sandbox_attacker_unit_05","sandbox_attacker_unit_06","sandbox_attacker_unit_07","sandbox_attacker_unit_08"],"command":"push","failed":[],"line":64.261604309082,"reason":"Exploit local numerical advantage","time":5.09999999999999},{"command":"hold","feedback":{"accepted":2,"command":"hold","failed":0},"ids":["sandbox_attacker_unit_10","sandbox_attacker_unit_12"],"reason":"Firing support has established covered overwatch","time":6.06666666666665},{"command":"clear","feedback":{"accepted":1,"command":"clear","failed":0},"ids":["sandbox_attacker_unit_12"],"reason":"Overwatch has lost contact; allow support to reposition","time":24.2000000000004},{"command":"clear","feedback":{"accepted":1,"command":"clear","failed":0},"ids":["sandbox_attacker_unit_10"],"reason":"Overwatch has lost contact; allow support to reposition","time":26.2000000000005}],"duration":179.999999999992,"phase":"active","seed":9146,"snapshots":[{"events":0,"time":0.0333333333333333,"trc":16,"whittaker":16},{"events":115,"time":10.0333333333333,"trc":15,"whittaker":13},{"events":215,"time":20.0333333333335,"trc":9,"whittaker":11},{"events":234,"time":30.033333333334,"trc":7,"whittaker":10},{"events":243,"time":40.0333333333336,"trc":6,"whittaker":9},{"events":245,"time":50.0333333333331,"trc":5,"whittaker":9},{"events":245,"time":60.0333333333325,"trc":5,"whittaker":9},{"events":245,"time":70.0333333333319,"trc":5,"whittaker":9},{"events":245,"time":80.0333333333314,"trc":5,"whittaker":9},{"events":245,"time":90.0333333333308,"trc":5,"whittaker":9},{"events":245,"time":100.03333333333,"trc":5,"whittaker":9},{"events":245,"time":110.03333333333,"trc":5,"whittaker":9},{"events":245,"time":120.033333333329,"trc":5,"whittaker":9},{"events":245,"time":130.033333333329,"trc":5,"whittaker":9},{"events":245,"time":140.033333333328,"trc":5,"whittaker":9},{"events":245,"time":150.033333333327,"trc":5,"whittaker":9},{"events":245,"time":160.033333333327,"trc":5,"whittaker":9},{"events":245,"time":170.033333333326,"trc":5,"whittaker":9}],"winner":""}

Godot Engine v4.7.2.stable.official.ed1daf0bf - https://godotengine.org
D3D12 12_0 - Forward+ - Using Device #0: NVIDIA - NVIDIA GeForce GTX 1650 with Max-Q Design

ESTATE_GROUND_BAKED 0 3072x1536

pack exit 0 errors 0
Godot Engine v4.7.2.stable.official.ed1daf0bf - https://godotengine.org


Godot Engine v4.7.2.stable.official.ed1daf0bf - https://godotengine.org
D3D12 12_0 - Forward+ - Using Device #0: NVIDIA - NVIDIA GeForce GTX 1650 with Max-Q Design

GameplayRuntime: booted mode=campaign turn=1 player=player_gang pending=
GameplayRuntime: mode=campaign pending=
GameplayRuntime: after_turn force=debug_hq_force state=traveling_outbound campaign_pos=(7.59999990463257, 0.0) segment=0 into=7.6 pending=
GameplayRuntime: after_turn force=debug_hq_force state=traveling_outbound campaign_pos=(11.3999996185303, 0.0) segment=0 into=11.4 pending=
GameplayRuntime: after_turn force=debug_hq_force state=at_destination campaign_pos=(12.0, 0.0) segment=0 into=12.0 pending=debug_hq_assault
TacticalDeploymentController: attacker vehicle auto-placement failed code=no_legal_candidates
GameplayRuntime: mode=tactical_deployment pending=
TacticalDeploymentController: attacker side attacker committed
ESTATE_PREVIEW 32 units / route errors []

ESTATE_FIRST_CHECK_COMPLETE
