pack exit 0 errors 0
Godot Engine v4.7.2.stable.official.ed1daf0bf - https://godotengine.org


FINAL_CAPTURE_START
pack exit 0 errors 0
Godot Engine v4.7.2.stable.official.ed1daf0bf - https://godotengine.org


Godot Engine v4.7.2.stable.official.ed1daf0bf - https://godotengine.org

CAPTURE_PID 10852
CAPTURE_EXIT 0
Traceback (most recent call last):
  File "C:\Users\brand\OneDrive\Documents\dead-street\tools\whittaker_estate\encode.py", line 11, in <module>
    assert raw.exists() and wav.exists()
           ^^^^^^^^^^^^^^^^^^^^^^^^^^^^^
AssertionError
pack exit 0 errors 0
Godot Engine v4.7.2.stable.official.ed1daf0bf - https://godotengine.org


Traceback (most recent call last):
  File "C:\Users\brand\OneDrive\Documents\dead-street\tools\whittaker_estate\record_worker.py", line 25, in <module>
    subprocess.run([sys.executable,str(out/'encode.py')],cwd=r,check=True,timeout=420)
  File "subprocess.py", line 571, in run
subprocess.CalledProcessError: Command '['C:\\Users\\brand\\AppData\\Local\\DeadStreetTools\\python\\python.exe', 'C:\\Users\\brand\\OneDrive\\Documents\\dead-street\\tools\\whittaker_estate\\encode.py']' returned non-zero exit status 1.
Traceback (most recent call last):
  File "C:\Users\brand\OneDrive\Documents\dead-street\tools\whittaker_estate\final_capture.py", line 20, in <module>
    subprocess.run([sys.executable,'-X','utf8','-u',str(out/'record_worker.py')],cwd=r,check=True,timeout=900)
  File "subprocess.py", line 571, in run
subprocess.CalledProcessError: Command '['C:\\Users\\brand\\AppData\\Local\\DeadStreetTools\\python\\python.exe', '-X', 'utf8', '-u', 'C:\\Users\\brand\\OneDrive\\Documents\\dead-street\\tools\\whittaker_estate\\record_worker.py']' returned non-zero exit status 1.
