Godot Engine v4.7.2.stable.official.ed1daf0bf - https://godotengine.org
D3D12 12_0 - Forward+ - Using Device #0: NVIDIA - NVIDIA GeForce GTX 1650 with Max-Q Design

GameplayRuntime: booted mode=campaign turn=1 player=player_gang pending=
GameplayRuntime: mode=campaign pending=
GameplayRuntime: after_turn force=debug_hq_force state=traveling_outbound campaign_pos=(7.59999990463257, 0.0) segment=0 into=7.6 pending=
GameplayRuntime: after_turn force=debug_hq_force state=traveling_outbound campaign_pos=(11.3999996185303, 0.0) segment=0 into=11.4 pending=
GameplayRuntime: after_turn force=debug_hq_force state=at_destination campaign_pos=(12.0, 0.0) segment=0 into=12.0 pending=debug_hq_assault
TacticalDeploymentController: attacker vehicle auto-placement failed code=no_legal_candidates
GameplayRuntime: mode=tactical_deployment pending=
TacticalDeploymentController: deployed sandbox_attacker_unit_01 to cover sandbox_transport_00__door_0_north slot sandbox_transport_00__door_0_north_cover
TacticalDeploymentController: deployed sandbox_attacker_unit_02 to cover sandbox_transport_00__door_0_south slot sandbox_transport_00__door_0_south_cover
TacticalDeploymentController: deployed sandbox_attacker_unit_03 to cover sandbox_transport_01__door_1_north slot sandbox_transport_01__door_1_north_cover
TacticalDeploymentController: deployed sandbox_attacker_unit_04 to cover sandbox_transport_01__door_1_south slot sandbox_transport_01__door_1_south_cover
TacticalDeploymentController: deployed sandbox_attacker_unit_05 to cover sandbox_transport_02__door_0_north slot sandbox_transport_02__door_0_north_cover
TacticalDeploymentController: deployed sandbox_attacker_unit_06 to cover sandbox_transport_02__door_0_south slot sandbox_transport_02__door_0_south_cover
TacticalDeploymentController: deployed sandbox_attacker_unit_07 to cover cover_traffic_1_0 slot cover_traffic_1_0_2
TacticalDeploymentController: deployed sandbox_attacker_unit_08 to cover cover_traffic_2_0 slot cover_traffic_2_0_3
TacticalDeploymentController: deployed sandbox_attacker_unit_09 to cover cover_traffic_3_0 slot cover_traffic_3_0_3
TacticalDeploymentController: deployed sandbox_attacker_unit_10 to cover sandbox_transport_00__body_cover slot sandbox_transport_00__body_cover__front
TacticalDeploymentController: deployed sandbox_attacker_unit_11 to cover sandbox_transport_00__body_cover slot sandbox_transport_00__body_cover__left
TacticalDeploymentController: deployed sandbox_attacker_unit_12 to cover sandbox_transport_00__body_cover slot sandbox_transport_00__body_cover__rear
TacticalDeploymentController: attacker side attacker committed
TacticalDeploymentController: defender AI deployed and committed side defender posture=even
GameplayRuntime: mode=tactical_active pending=
LIVE_WINDOW { "wall_seconds": 5.01427, "fps": 59.6298165036984, "sim_seconds": 5.10507788888888 }
LIVE_WINDOW { "wall_seconds": 10.01469, "fps": 59.9949604233244, "sim_seconds": 10.105077888889 }
LIVE_WINDOW { "wall_seconds": 15.031172, "fps": 60.0022087191781, "sim_seconds": 15.1217445555559 }
LIVE_WINDOW { "wall_seconds": 20.04795, "fps": 59.9986684680885, "sim_seconds": 20.1384112222224 }
LIVE_WINDOW { "wall_seconds": 25.056174, "fps": 57.9047582536244, "sim_seconds": 25.1297658888888 }
LIVE_DONE {"build":{"debug":false,"editor":false,"version":{"build":"official","hash":"ed1daf0bf001b61586d9930840f2f1394092c079","hex":263938,"major":4,"minor":7,"patch":2,"status":"stable","string":"4.7.2-stable (official)","timestamp":0}},"bulwarks":false,"damage":15.51,"display":{"max_fps":0,"refresh_hz":59.9992141723633,"vsync_mode":1},"fps":59.6703020906495,"late_paused_fps":60.0033091525978,"living":18,"los_cache_entries":2644,"max_frame_ms":33.297,"nav_cache_entries":107,"over_100ms":0,"over_33ms":0,"p95_frame_ms":17.028,"p99_frame_ms":21.596,"rendered":24,"setup_ms":18033.341,"sim_seconds":30.1213543333334,"uncapped":false,"units":24,"wall_seconds":30.014931,"windows":[{"fps":59.6298165036984,"sim_seconds":5.10507788888888,"wall_seconds":5.01427},{"fps":59.9949604233244,"sim_seconds":10.105077888889,"wall_seconds":10.01469},{"fps":60.0022087191781,"sim_seconds":15.1217445555559,"wall_seconds":15.031172},{"fps":59.9986684680885,"sim_seconds":20.1384112222224,"wall_seconds":20.04795},{"fps":57.9047582536244,"sim_seconds":25.1297658888888,"wall_seconds":25.056174}]}
