Godot Engine v4.7.2.stable.official.ed1daf0bf - https://godotengine.org
D3D12 12_0 - Forward+ - Using Device #0: NVIDIA - NVIDIA GeForce GTX 1650 with Max-Q Design

Movie Maker mode enabled, recording movie in 1152×648 @ 30 FPS...
GameplayRuntime: booted mode=campaign turn=1 player=player_gang pending=
GameplayRuntime: mode=campaign pending=
GameplayRuntime: after_turn force=debug_hq_force state=traveling_outbound campaign_pos=(11.8000001907349, 0.0) segment=0 into=11.8 pending=
GameplayRuntime: after_turn force=debug_hq_force state=at_destination campaign_pos=(12.0, 0.0) segment=0 into=12.0 pending=debug_hq_assault
TacticalDeploymentController: auto-placed 2 attacker vehicle(s)
GameplayRuntime: mode=tactical_deployment pending=
TacticalDeploymentController: attacker side attacker committed
SPATIAL_AUDIO_REVIEW {"errors":[],"samples":[{"attacker_margin_db":23.3371114410973,"clock":2.5,"rms":{"attacker":0.0206111990407799,"defender":0.00140361398022622}},{"attacker_margin_db":25.0180623859513,"clock":4.5,"rms":{"attacker":0.0197036908671649,"defender":0.00110571821989471}},{"attacker_margin_db":26.1041712773207,"clock":7.0,"rms":{"attacker":0.0227088089644012,"defender":0.00112456818555563}},{"attacker_margin_db":26.9213712204666,"clock":9.5,"rms":{"attacker":0.0255687690911492,"defender":0.0011525008651888}}]}
--------------------------------------------------------------------------------
Done recording movie at path: C:\Users\brand\OneDrive\Documents\dead-street\tools\yard_finish_20260915\audio_probe.avi
195 frames at 30 FPS (movie length: 00:00:06:15), recorded in 00:00:16 (37% of real-time speed).
CPU render time: 0.07 seconds (average: 0.35 ms/frame)
GPU render time: 0.24 seconds (average: 1.23 ms/frame)
Encoding time: 1.12 seconds (average: 5.73 ms/frame)
--------------------------------------------------------------------------------
WARNING: 6 ObjectDB instances were leaked at exit (run with `--verbose` for details).
   at: cleanup (core/object/object.cpp:2536)
