Godot Engine v4.7.2.stable.official.ed1daf0bf - https://godotengine.org
D3D12 12_0 - Forward+ - Using Device #0: NVIDIA - NVIDIA GeForce GTX 1650 with Max-Q Design

Movie Maker mode enabled, recording movie in 1152×648 @ 30 FPS...
GameplayRuntime: booted mode=campaign turn=1 player=player_gang pending=
GameplayRuntime: mode=campaign pending=
GameplayRuntime: after_turn force=debug_hq_force state=traveling_outbound campaign_pos=(11.8000001907349, 0.0) segment=0 into=11.8 pending=
GameplayRuntime: after_turn force=debug_hq_force state=at_destination campaign_pos=(12.0, 0.0) segment=0 into=12.0 pending=debug_hq_assault
TacticalDeploymentController: auto-placed 2 attacker vehicle(s)
GameplayRuntime: mode=tactical_deployment pending=
TacticalDeploymentController: attacker side attacker committed
GameplayRuntime: mode=tactical_active pending=
YARD_SHOWCASE {"advance":{"median_ms":3.323,"p95_ms":5.657},"arrival_errors":[],"audio":[{"faction":"ravicci","playing":true,"track":"bond_ob","volume_db":-18.0},{"faction":"calle_ocho","playing":true,"track":"glock_b22","volume_db":-36.0}],"camera_frames":1342,"camera_violations":0,"combat_seconds":23.9000000000003,"commands":[{"action":"Both forces hold opening cover","time":0.0},{"accepted":true,"action":"Service team moves outside the fence","destination":"(93.5, 48.0)","time":1.2,"unit":"sandbox_attacker_unit_05"},{"accepted":true,"action":"Service team takes the second gate","destination":"(97.0, 49.5)","time":1.2,"unit":"sandbox_attacker_unit_06"},{"accepted":true,"action":"Flanker enters through the open service gate","destination":"(93.5, 37.0)","time":5.23333333333332,"unit":"sandbox_attacker_unit_05"},{"accepted":true,"action":"SMG takes the service corner","destination":"(97.5, 35.5)","time":5.23333333333332,"unit":"sandbox_attacker_unit_06"},{"accepted":["sandbox_attacker_unit_01","sandbox_attacker_unit_03","sandbox_attacker_unit_04"],"action":"Main team advances through yard cover","failed":["sandbox_attacker_unit_02"],"time":7.53333333333332},{"accepted":["sandbox_defender_unit_02","sandbox_defender_unit_03","sandbox_defender_unit_06"],"action":"Calle Ocho counterattack from the garage","failed":[],"time":16.0333333333333}],"errors":[],"frames":1613,"loop_frames":1613,"manifest":[{"count":4,"passengers":["sandbox_attacker_unit_01","sandbox_attacker_unit_02","sandbox_attacker_unit_03","sandbox_attacker_unit_04"],"vehicle":"monarch"},{"count":3,"passengers":["sandbox_attacker_unit_05","sandbox_attacker_unit_06","sandbox_attacker_unit_07"],"vehicle":"obsidian"}],"outro_errors":[],"phase":"resolved","results":{"attacker":[{"health_width":50.3479995727539,"id":"sandbox_attacker_unit_01","role":"RIFLE","state":"ACTIVE","tint":"(1.0, 1.0, 1.0, 1.0)","weapon":"AK-47 / T1"},{"health_width":88.5599975585938,"id":"sandbox_attacker_unit_04","role":"RIFLE","state":"ACTIVE","tint":"(1.0, 1.0, 1.0, 1.0)","weapon":"AK-47 / T1"},{"health_width":123.0,"id":"sandbox_attacker_unit_03","role":"SHOTGUN","state":"ACTIVE","tint":"(1.0, 1.0, 1.0, 1.0)","weapon":"REMINGTON 870 / T1"},{"health_width":0.0,"id":"sandbox_attacker_unit_02","role":"SMG","state":"DEAD","tint":"(0.72, 0.22, 0.26, 1.0)","weapon":"IMI UZI / T1"},{"health_width":0.0,"id":"sandbox_attacker_unit_06","role":"SMG","state":"DEAD","tint":"(0.72, 0.22, 0.26, 1.0)","weapon":"IMI UZI / T1"},{"health_width":0.0,"id":"sandbox_attacker_unit_05","role":"PISTOL","state":"DEAD","tint":"(0.72, 0.22, 0.26, 1.0)","weapon":"GLOCK 17 / T1"},{"health_width":0.0,"id":"sandbox_attacker_unit_07","role":"SNIPER","state":"DEAD","tint":"(0.72, 0.22, 0.26, 1.0)","weapon":"REMINGTON 700 / T1"}],"defender":[{"health_width":0.0,"id":"sandbox_defender_unit_02","role":"SMG","state":"DEAD","tint":"(0.72, 0.22, 0.26, 1.0)","weapon":"IMI UZI / T1"},{"health_width":0.0,"id":"sandbox_defender_unit_06","role":"SMG","state":"DEAD","tint":"(0.72, 0.22, 0.26, 1.0)","weapon":"IMI UZI / T1"},{"health_width":0.0,"id":"sandbox_defender_unit_01","role":"RIFLE","state":"DEAD","tint":"(0.72, 0.22, 0.26, 1.0)","weapon":"AK-47 / T1"},{"health_width":0.0,"id":"sandbox_defender_unit_04","role":"RIFLE","state":"DEAD","tint":"(0.72, 0.22, 0.26, 1.0)","weapon":"AK-47 / T1"},{"health_width":0.0,"id":"sandbox_defender_unit_05","role":"PISTOL","state":"DEAD","tint":"(0.72, 0.22, 0.26, 1.0)","weapon":"GLOCK 17 / T1"},{"health_width":0.0,"id":"sandbox_defender_unit_03","role":"SHOTGUN","state":"DEAD","tint":"(0.72, 0.22, 0.26, 1.0)","weapon":"REMINGTON 870 / T1"},{"health_width":0.0,"id":"sandbox_defender_unit_07","role":"SNIPER","state":"DEAD","tint":"(0.72, 0.22, 0.26, 1.0)","weapon":"REMINGTON 700 / T1"}]},"seconds":53.7666666666667,"seed":91517,"stages":{"active":447,"arrival":1,"ending":1163,"ready":418},"survivors":{"attacker":3,"defender":0},"trim_frames":1,"winner":"attacker"}
--------------------------------------------------------------------------------
Done recording movie at path: C:\Users\brand\OneDrive\Documents\dead-street\tools\yard_finish_20260915\yard_revision_raw.avi
1615 frames at 30 FPS (movie length: 00:00:53:25), recorded in 00:01:11 (74% of real-time speed).
CPU render time: 0.74 seconds (average: 0.46 ms/frame)
GPU render time: 4.26 seconds (average: 2.64 ms/frame)
Encoding time: 9.95 seconds (average: 6.16 ms/frame)
--------------------------------------------------------------------------------
WARNING: 6 ObjectDB instances were leaked at exit (run with `--verbose` for details).
   at: cleanup (core/object/object.cpp:2536)
