Godot Engine v4.7.2.stable.official.ed1daf0bf - https://godotengine.org
D3D12 12_0 - Forward+ - Using Device #0: NVIDIA - NVIDIA GeForce GTX 1650 with Max-Q Design

GameplayRuntime: booted mode=campaign turn=1 player=player_gang pending=
GameplayRuntime: mode=campaign pending=
GameplayRuntime: debug HQ assault launched mission=debug_hq_assault force=debug_hq_force state=traveling_outbound
GameplayRuntime: after_launch force=debug_hq_force state=traveling_outbound campaign_pos=(5.0, 0.0) segment=0 into=5.0 pending=
GameplayRuntime: after_turn force=debug_hq_force state=traveling_outbound campaign_pos=(10.0, 0.0) segment=0 into=10.0 pending=
GameplayRuntime: after_turn force=debug_hq_force state=at_destination campaign_pos=(12.0, 0.0) segment=0 into=12.0 pending=debug_hq_assault
TacticalDeploymentController: auto-placed 1 attacker vehicle(s)
GameplayRuntime: mode=tactical_deployment pending=
TacticalDeploymentController: deployed player_soldier at (32.0, 42.0)
TacticalDeploymentController: deployed player_soldier_shotgun at (35.0, 42.0)
TacticalDeploymentController: deployed player_soldier_smg at (38.0, 42.0)
TacticalDeploymentController: attacker side attacker committed
TacticalDeploymentController: defender AI deployed and committed side defender posture=even
DUSK_LAYOUT_AUDIT {"cover_slots":68,"geometry_valid":true,"problems":[],"smg_threshold_distance":19.33131980896}
GameplayRuntime: mode=tactical_active pending=
PIXEL_REVIEW_ACTIVE participants=6
SHOTGUN_FIXTURE actual loadouts set to shotgun
PIXEL_REVIEW_REPORT {"active_combat_mean_fps":59.6140310099687,"active_combat_p95_ms":16.793,"alive":5,"clips_observed":{"cover_exposed_idle":226,"cover_fire":141,"cover_popout":111,"cover_tuck":125,"cover_tucked_idle":3482,"death":562,"hit":21,"idle":3,"walk":636,"wounded_walk":63},"elapsed_real_seconds":15.0132441111114,"mean_fps":59.614031009967,"observed_shots":17,"p95_frame_ms":16.6666666666667,"participants":6,"phase":"active","simulation_seconds":15.0132441111114,"wounded":1}
