Godot Engine v4.7.2.stable.official.ed1daf0bf - https://godotengine.org
D3D12 12_0 - Forward+ - Using Device #0: NVIDIA - NVIDIA GeForce GTX 1650 with Max-Q Design

GameplayRuntime: booted mode=campaign turn=1 player=player_gang pending=
GameplayRuntime: mode=campaign pending=
GameplayRuntime: after_turn force=debug_hq_force state=traveling_outbound campaign_pos=(7.59999990463257, 0.0) segment=0 into=7.6 pending=
GameplayRuntime: after_turn force=debug_hq_force state=traveling_outbound campaign_pos=(11.3999996185303, 0.0) segment=0 into=11.4 pending=
GameplayRuntime: after_turn force=debug_hq_force state=at_destination campaign_pos=(12.0, 0.0) segment=0 into=12.0 pending=debug_hq_assault
TacticalDeploymentController: attacker vehicle auto-placement failed code=no_legal_candidates
GameplayRuntime: mode=tactical_deployment pending=
TacticalDeploymentController: deployed sandbox_attacker_unit_01 to cover sandbox_transport_00__door_0_north slot sandbox_transport_00__door_0_north_cover
TacticalDeploymentController: deployed sandbox_attacker_unit_02 to cover sandbox_transport_00__door_0_south slot sandbox_transport_00__door_0_south_cover
TacticalDeploymentController: deployed sandbox_attacker_unit_03 to cover sandbox_transport_01__door_0_north slot sandbox_transport_01__door_0_north_cover
TacticalDeploymentController: deployed sandbox_attacker_unit_04 to cover sandbox_transport_01__door_0_south slot sandbox_transport_01__door_0_south_cover
TacticalDeploymentController: deployed sandbox_attacker_unit_05 to cover sandbox_transport_01__door_1_north slot sandbox_transport_01__door_1_north_cover
TacticalDeploymentController: deployed sandbox_attacker_unit_06 to cover sandbox_transport_01__door_1_south slot sandbox_transport_01__door_1_south_cover
TacticalDeploymentController: deployed sandbox_attacker_unit_07 to cover sandbox_transport_02__door_0_north slot sandbox_transport_02__door_0_north_cover
TacticalDeploymentController: deployed sandbox_attacker_unit_08 to cover sandbox_transport_02__door_0_south slot sandbox_transport_02__door_0_south_cover
TacticalDeploymentController: deployed sandbox_attacker_unit_09 to cover cover_north_car_3 slot cover_north_car_3_3
TacticalDeploymentController: deployed sandbox_attacker_unit_10 to cover cover_north_car_4 slot cover_north_car_4_1
TacticalDeploymentController: deployed sandbox_attacker_unit_11 to cover cover_north_car_4 slot cover_north_car_4_2
TacticalDeploymentController: deployed sandbox_attacker_unit_12 to cover cover_north_car_4 slot cover_north_car_4_3
TacticalDeploymentController: attacker side attacker committed
TacticalDeploymentController: defender AI deployed and committed side defender posture=even
GameplayRuntime: mode=tactical_active pending=
GROUP_SELECT harold pistol expected=["sandbox_attacker_unit_01", "sandbox_attacker_unit_06", "sandbox_attacker_unit_11"] selected=["sandbox_attacker_unit_01", "sandbox_attacker_unit_06", "sandbox_attacker_unit_11"]
GROUP_SELECT harold smg expected=["sandbox_attacker_unit_02", "sandbox_attacker_unit_07", "sandbox_attacker_unit_12"] selected=["sandbox_attacker_unit_02", "sandbox_attacker_unit_07", "sandbox_attacker_unit_12"]
GROUP_SELECT harold rifle expected=["sandbox_attacker_unit_04", "sandbox_attacker_unit_09"] selected=["sandbox_attacker_unit_04", "sandbox_attacker_unit_09"]
GROUP_SELECT harold shotgun expected=["sandbox_attacker_unit_03", "sandbox_attacker_unit_08"] selected=["sandbox_attacker_unit_03", "sandbox_attacker_unit_08"]
GROUP_SELECT harold sniper expected=["sandbox_attacker_unit_05", "sandbox_attacker_unit_10"] selected=["sandbox_attacker_unit_05", "sandbox_attacker_unit_10"]
GROUP_MAP_DONE harold
GameplayRuntime: booted mode=campaign turn=1 player=player_gang pending=
GameplayRuntime: mode=campaign pending=
GameplayRuntime: after_turn force=debug_hq_force state=traveling_outbound campaign_pos=(7.59999990463257, 0.0) segment=0 into=7.6 pending=
GameplayRuntime: after_turn force=debug_hq_force state=traveling_outbound campaign_pos=(11.3999996185303, 0.0) segment=0 into=11.4 pending=
GameplayRuntime: after_turn force=debug_hq_force state=at_destination campaign_pos=(12.0, 0.0) segment=0 into=12.0 pending=debug_hq_assault
TacticalDeploymentController: attacker vehicle auto-placement failed code=no_legal_candidates
GameplayRuntime: mode=tactical_deployment pending=
TacticalDeploymentController: deployed sandbox_attacker_unit_01 to cover sandbox_transport_00__door_0_north slot sandbox_transport_00__door_0_north_cover
TacticalDeploymentController: deployed sandbox_attacker_unit_02 to cover sandbox_transport_00__door_0_south slot sandbox_transport_00__door_0_south_cover
TacticalDeploymentController: deployed sandbox_attacker_unit_03 to cover sandbox_transport_01__door_0_north slot sandbox_transport_01__door_0_north_cover
TacticalDeploymentController: deployed sandbox_attacker_unit_04 to cover sandbox_transport_01__door_0_south slot sandbox_transport_01__door_0_south_cover
TacticalDeploymentController: deployed sandbox_attacker_unit_05 to cover sandbox_transport_01__door_1_north slot sandbox_transport_01__door_1_north_cover
TacticalDeploymentController: deployed sandbox_attacker_unit_06 to cover sandbox_transport_01__door_1_south slot sandbox_transport_01__door_1_south_cover
TacticalDeploymentController: deployed sandbox_attacker_unit_07 to cover sandbox_transport_02__door_0_south slot sandbox_transport_02__door_0_south_cover
TacticalDeploymentController: deployed sandbox_attacker_unit_08 to cover cover_traffic_1_0 slot cover_traffic_1_0_2
TacticalDeploymentController: deployed sandbox_attacker_unit_09 to cover cover_traffic_2_0 slot cover_traffic_2_0_3
TacticalDeploymentController: deployed sandbox_attacker_unit_10 to cover cover_traffic_3_0 slot cover_traffic_3_0_3
TacticalDeploymentController: deployed sandbox_attacker_unit_11 to cover sandbox_transport_00__body_cover slot sandbox_transport_00__body_cover__front
TacticalDeploymentController: deployed sandbox_attacker_unit_12 to cover sandbox_transport_00__body_cover slot sandbox_transport_00__body_cover__left
TacticalDeploymentController: attacker side attacker committed
TacticalDeploymentController: defender AI deployed and committed side defender posture=even
GameplayRuntime: mode=tactical_active pending=
GROUP_SELECT river_bridge pistol expected=["sandbox_attacker_unit_01", "sandbox_attacker_unit_06", "sandbox_attacker_unit_11"] selected=["sandbox_attacker_unit_01", "sandbox_attacker_unit_06", "sandbox_attacker_unit_11"]
GROUP_SELECT river_bridge smg expected=["sandbox_attacker_unit_02", "sandbox_attacker_unit_07", "sandbox_attacker_unit_12"] selected=["sandbox_attacker_unit_02", "sandbox_attacker_unit_07", "sandbox_attacker_unit_12"]
GROUP_SELECT river_bridge rifle expected=["sandbox_attacker_unit_04", "sandbox_attacker_unit_09"] selected=["sandbox_attacker_unit_04", "sandbox_attacker_unit_09"]
GROUP_SELECT river_bridge shotgun expected=["sandbox_attacker_unit_03", "sandbox_attacker_unit_08"] selected=["sandbox_attacker_unit_03", "sandbox_attacker_unit_08"]
GROUP_SELECT river_bridge sniper expected=["sandbox_attacker_unit_05", "sandbox_attacker_unit_10"] selected=["sandbox_attacker_unit_05", "sandbox_attacker_unit_10"]
GROUP_MAP_DONE river_bridge
GameplayRuntime: booted mode=campaign turn=1 player=player_gang pending=
GameplayRuntime: mode=campaign pending=
GameplayRuntime: after_turn force=debug_hq_force state=traveling_outbound campaign_pos=(7.59999990463257, 0.0) segment=0 into=7.6 pending=
GameplayRuntime: after_turn force=debug_hq_force state=traveling_outbound campaign_pos=(11.3999996185303, 0.0) segment=0 into=11.4 pending=
GameplayRuntime: after_turn force=debug_hq_force state=at_destination campaign_pos=(12.0, 0.0) segment=0 into=12.0 pending=debug_hq_assault
TacticalDeploymentController: attacker vehicle auto-placement failed code=no_legal_candidates
GameplayRuntime: mode=tactical_deployment pending=
TacticalDeploymentController: attacker side attacker committed
GameplayRuntime: mode=tactical_active pending=
GROUP_SELECT whittaker_estate pistol expected=["sandbox_attacker_unit_01", "sandbox_attacker_unit_06", "sandbox_attacker_unit_11"] selected=["sandbox_attacker_unit_01", "sandbox_attacker_unit_06", "sandbox_attacker_unit_11"]
GROUP_SELECT whittaker_estate smg expected=["sandbox_attacker_unit_02", "sandbox_attacker_unit_07", "sandbox_attacker_unit_12"] selected=["sandbox_attacker_unit_02", "sandbox_attacker_unit_07", "sandbox_attacker_unit_12"]
GROUP_SELECT whittaker_estate rifle expected=["sandbox_attacker_unit_04", "sandbox_attacker_unit_09"] selected=["sandbox_attacker_unit_04", "sandbox_attacker_unit_09"]
GROUP_SELECT whittaker_estate shotgun expected=["sandbox_attacker_unit_03", "sandbox_attacker_unit_08"] selected=["sandbox_attacker_unit_03", "sandbox_attacker_unit_08"]
GROUP_SELECT whittaker_estate sniper expected=["sandbox_attacker_unit_05", "sandbox_attacker_unit_10"] selected=["sandbox_attacker_unit_05", "sandbox_attacker_unit_10"]
GROUP_MAP_DONE whittaker_estate
GROUP_NATIVE {"checks":164,"classes_per_map":5,"engine":"4.7.2-stable (official)","errors":[],"largest_class_selection":12,"maps":3}
