Godot Engine v4.7.2.stable.official.ed1daf0bf - https://godotengine.org

[   0% ] first_scan_filesystem | Started Project initialization (5 steps)
[   0% ] first_scan_filesystem | Scanning file structure...
[  16% ] first_scan_filesystem | Loading global class names...
[  33% ] first_scan_filesystem | Verifying GDExtensions...
[  50% ] first_scan_filesystem | Creating autoload scripts...
[  66% ] first_scan_filesystem | Initializing plugins...
[  83% ] first_scan_filesystem | Starting file scan...
[ DONE ] first_scan_filesystem

[   0% ] update_scripts_classes | Started Registering global classes... (4 steps)
[   0% ] update_scripts_classes | 
[  20% ] update_scripts_classes | 
[  40% ] update_scripts_classes | TacticalBattleView
[  60% ] update_scripts_classes | 
[ DONE ] update_scripts_classes

[   0% ] _update_scan_actions | Started Scanning actions... (8 steps)
[   0% ] _update_scan_actions | auto_shop.png
[  11% ] _update_scan_actions | barrier_0.png
[  22% ] _update_scan_actions | burgundy_sedan.png
[  33% ] _update_scan_actions | corner_store.png
[  44% ] _update_scan_actions | dumpster_0.png
[  55% ] _update_scan_actions | lamp_0.png
[  66% ] _update_scan_actions | tires_0.png
[  77% ] _update_scan_actions | yard_fence.png
[ DONE ] _update_scan_actions

[   0% ] reimport | Started (Re)Importing Assets (8 steps)
[   0% ] reimport | Preparing files to reimport...
[  11% ] reimport | Preparing files to reimport...
[  22% ] reimport | Preparing files to reimport...
[  33% ] reimport | Preparing files to reimport...
[  44% ] reimport | Preparing files to reimport...
[  55% ] reimport | Preparing files to reimport...
[  66% ] reimport | Preparing files to reimport...
[  77% ] reimport | Preparing files to reimport...
[   0% ] reimport | Executing pre-reimport operations...
[   0% ] reimport | auto_shop.png
[  11% ] reimport | barrier_0.png
[  22% ] reimport | burgundy_sedan.png
[  33% ] reimport | corner_store.png
[  44% ] reimport | dumpster_0.png
[  55% ] reimport | lamp_0.png
[  66% ] reimport | tires_0.png
[  77% ] reimport | yard_fence.png
[  88% ] reimport | Finalizing Asset Import...
[ DONE ] reimport

[   0% ] reimport | Started (Re)Importing Assets (8 steps)
[   0% ] reimport | Executing post-reimport operations...
[ DONE ] reimport

[   0% ] loading_editor_layout | Started Loading editor (5 steps)
[   0% ] loading_editor_layout | Loading editor layout...
[  16% ] loading_editor_layout | Loading docks...
[  33% ] loading_editor_layout | Reopening scenes...
[  50% ] loading_editor_layout | Loading central editor layout...
[  66% ] loading_editor_layout | Loading plugin window layout...
[  83% ] loading_editor_layout | Editor layout ready.
[ DONE ] loading_editor_layout

