Godot Engine v4.7.2.stable.official.ed1daf0bf - https://godotengine.org
D3D12 12_0 - Forward+ - Using Device #0: NVIDIA - NVIDIA GeForce GTX 1650 with Max-Q Design

Movie Maker mode enabled, recording movie in 1280×720 @ 60 FPS...
WARNING: Loaded resource as image file, this will not work on export: 'res://assets/menu/opening/approved_title.png'. Instead, import the image file as an Image resource and load it normally as a resource.
   at: load_from_file (core/io/image.cpp:2780)
   GDScript backtrace (most recent call first):
       [0] texture (res://gameplay/sandbox_opening.gd:51)
       [1] picture (res://gameplay/sandbox_opening.gd:55)
       [2] _ready (res://gameplay/sandbox_opening.gd:35)
       [3] run (res://tools/caution_smooth_20260915/review.gd:18)
WARNING: Loaded resource as image file, this will not work on export: 'res://assets/menu/opening/camera_ui.png'. Instead, import the image file as an Image resource and load it normally as a resource.
   at: load_from_file (core/io/image.cpp:2780)
   GDScript backtrace (most recent call first):
       [0] texture (res://gameplay/sandbox_opening.gd:51)
       [1] picture (res://gameplay/sandbox_opening.gd:55)
       [2] _ready (res://gameplay/sandbox_opening.gd:39)
       [3] run (res://tools/caution_smooth_20260915/review.gd:18)
WARNING: Loaded resource as image file, this will not work on export: 'res://assets/menu/opening/enter_button.png'. Instead, import the image file as an Image resource and load it normally as a resource.
   at: load_from_file (core/io/image.cpp:2780)
   GDScript backtrace (most recent call first):
       [0] texture (res://gameplay/sandbox_opening.gd:51)
       [1] action_button (res://gameplay/sandbox_opening.gd:65)
       [2] _ready (res://gameplay/sandbox_opening.gd:40)
       [3] run (res://tools/caution_smooth_20260915/review.gd:18)
WARNING: Loaded resource as image file, this will not work on export: 'res://assets/menu/opening/open_button.png'. Instead, import the image file as an Image resource and load it normally as a resource.
   at: load_from_file (core/io/image.cpp:2780)
   GDScript backtrace (most recent call first):
       [0] texture (res://gameplay/sandbox_opening.gd:51)
       [1] action_button (res://gameplay/sandbox_opening.gd:65)
       [2] _ready (res://gameplay/sandbox_opening.gd:41)
       [3] run (res://tools/caution_smooth_20260915/review.gd:18)
WARNING: Loaded resource as image file, this will not work on export: 'res://assets/menu/opening/approved_title.png'. Instead, import the image file as an Image resource and load it normally as a resource.
   at: load_from_file (core/io/image.cpp:2780)
   GDScript backtrace (most recent call first):
       [0] _ready (res://gameplay/sandbox_menu_panels.gd:20)
       [1] _ready (res://gameplay/arsenal_review.gd:137)
       [2] _ready (res://gameplay/sandbox_opening.gd:44)
       [3] run (res://tools/caution_smooth_20260915/review.gd:18)
OPENING_GATE_READY
OPENING_ACTIVATED
CAUTION_IMPACT 1 7.20081039736939
CAUTION_IMPACT 2 7.54159288513184
CAUTION_IMPACT 3 7.94759606726074
CAUTION_IMPACT 4 8.23599790716553
CAUTION_IMPACT 5 8.57791691809082
OPENING_TITLE 21.0177170202637
OPENING_SANDBOX_ENABLED 27.007805456665
OPENING_SANDBOX_ENTERED 29.1729823980713
INTRO_REVIEW {"black_max":0,"button_at":27.007805456665,"checks":32,"errors":[],"hit_times":[7.20081039736939,7.54159288513184,7.94759606726074,8.23599790716553,8.57791691809082],"intro_sound_players":0,"sandbox_at":29.1729823980713,"signature_play_count":1,"start_frame":60,"status":"PASS","title_at":21.0177170202637,"total_frames":2073,"viewport":[1280,720],"zoom_end":11.8,"zoom_start":8.95}
