Godot Engine v4.7.2.stable.official.ed1daf0bf - https://godotengine.org

[   0% ] first_scan_filesystem | Started Project initialization (5 steps)
[   0% ] first_scan_filesystem | Scanning file structure...
[  16% ] first_scan_filesystem | Loading global class names...
[  33% ] first_scan_filesystem | Verifying GDExtensions...
[  50% ] first_scan_filesystem | Creating autoload scripts...
[  66% ] first_scan_filesystem | Initializing plugins...
[  83% ] first_scan_filesystem | Starting file scan...
[ DONE ] first_scan_filesystem

[   0% ] update_scripts_classes | Started Registering global classes... (31 steps)
[   0% ] update_scripts_classes | BattleAttackResolutionService
[   3% ] update_scripts_classes | BattleCombatBehaviorService
[   6% ] update_scripts_classes | BattleCombatCoverEvaluationService
[   9% ] update_scripts_classes | BattleFireControlService
[  12% ] update_scripts_classes | BattleLineOfSightService
[  15% ] update_scripts_classes | BattleTargetSelectionService
[  18% ] update_scripts_classes | BattleState
[  21% ] update_scripts_classes | BattleCoverService
[  25% ] update_scripts_classes | 
[  28% ] update_scripts_classes | BattleNavigationService
[  31% ] update_scripts_classes | BattlePathFollowService
[  34% ] update_scripts_classes | TacticalParticipantVisual
[  37% ] update_scripts_classes | BattleMovementService
[  40% ] update_scripts_classes | BattleRuntimeService
[  43% ] update_scripts_classes | CampaignBattleSessionService
[  46% ] update_scripts_classes | BattleVehicleBodyService
[  50% ] update_scripts_classes | 
[  53% ] update_scripts_classes | StarterWorldService
[  56% ] update_scripts_classes | TacticalActorPresenter
[  59% ] update_scripts_classes | TacticalBattleView
[  62% ] update_scripts_classes | 
[  65% ] update_scripts_classes | 
[  68% ] update_scripts_classes | 
[  71% ] update_scripts_classes | 
[  75% ] update_scripts_classes | 
[  78% ] update_scripts_classes | 
[  81% ] update_scripts_classes | 
[  84% ] update_scripts_classes | 
[  87% ] update_scripts_classes | 
[  90% ] update_scripts_classes | 
[  93% ] update_scripts_classes | 
[ DONE ] update_scripts_classes

[   0% ] _update_scan_actions | Started Scanning actions... (4 steps)
[   0% ] _update_scan_actions | battle_02.png
[  20% ] _update_scan_actions | battle_10.png
[  40% ] _update_scan_actions | battle_25.png
[  60% ] _update_scan_actions | battle_40.png
[ DONE ] _update_scan_actions

[   0% ] reimport | Started (Re)Importing Assets (4 steps)
[   0% ] reimport | Preparing files to reimport...
[  20% ] reimport | Preparing files to reimport...
[  40% ] reimport | Preparing files to reimport...
[  60% ] reimport | Preparing files to reimport...
[   0% ] reimport | Executing pre-reimport operations...
[   0% ] reimport | battle_02.png
[  20% ] reimport | battle_10.png
[  40% ] reimport | battle_25.png
[  60% ] reimport | battle_40.png
[  80% ] reimport | Finalizing Asset Import...
[ DONE ] reimport

[   0% ] reimport | Started (Re)Importing Assets (4 steps)
[   0% ] reimport | Executing post-reimport operations...
[ DONE ] reimport

[   0% ] loading_editor_layout | Started Loading editor (5 steps)
[   0% ] loading_editor_layout | Loading editor layout...
[  16% ] loading_editor_layout | Loading docks...
[  33% ] loading_editor_layout | Reopening scenes...
[  50% ] loading_editor_layout | Loading central editor layout...
[  66% ] loading_editor_layout | Loading plugin window layout...
[  83% ] loading_editor_layout | Editor layout ready.
[ DONE ] loading_editor_layout

