Godot Engine v4.7.2.stable.official.ed1daf0bf - https://godotengine.org

[   0% ] first_scan_filesystem | Started Project initialization (5 steps)
[   0% ] first_scan_filesystem | Scanning file structure...
[  16% ] first_scan_filesystem | Loading global class names...
[  33% ] first_scan_filesystem | Verifying GDExtensions...
[  50% ] first_scan_filesystem | Creating autoload scripts...
[  66% ] first_scan_filesystem | Initializing plugins...
[  83% ] first_scan_filesystem | Starting file scan...
[ DONE ] first_scan_filesystem

[   0% ] update_scripts_classes | Started Registering global classes... (16 steps)
[   0% ] update_scripts_classes | BattleVehicleDeploymentPlanner
[   5% ] update_scripts_classes | 
[  11% ] update_scripts_classes | 
[  17% ] update_scripts_classes | BattleVehiclePlacementContext
[  23% ] update_scripts_classes | 
[  29% ] update_scripts_classes | 
[  35% ] update_scripts_classes | 
[  41% ] update_scripts_classes | 
[  47% ] update_scripts_classes | 
[  52% ] update_scripts_classes | 
[  58% ] update_scripts_classes | 
[  64% ] update_scripts_classes | 
[  70% ] update_scripts_classes | 
[  76% ] update_scripts_classes | 
[  82% ] update_scripts_classes | 
[  88% ] update_scripts_classes | 
[ DONE ] update_scripts_classes

[   0% ] _update_scan_actions | Started Scanning actions... (8 steps)
[   0% ] _update_scan_actions | ground.png
[  11% ] _update_scan_actions | mercer_playing.png
[  22% ] _update_scan_actions | mercer_stopped.png
[  33% ] _update_scan_actions | nbpd_siren.png
[  44% ] _update_scan_actions | after_combat.png
[  55% ] _update_scan_actions | after_ready.png
[  66% ] _update_scan_actions | DEAD_STREET_Harold_Updated.png
[  77% ] _update_scan_actions | filter_probe.wav
[ DONE ] _update_scan_actions

[   0% ] reimport | Started (Re)Importing Assets (8 steps)
[   0% ] reimport | Preparing files to reimport...
[  11% ] reimport | Preparing files to reimport...
[  22% ] reimport | Preparing files to reimport...
[  33% ] reimport | Preparing files to reimport...
[  44% ] reimport | Preparing files to reimport...
[  55% ] reimport | Preparing files to reimport...
[  66% ] reimport | Preparing files to reimport...
[  77% ] reimport | Preparing files to reimport...
[   0% ] reimport | Executing pre-reimport operations...
[   0% ] reimport | ground.png
[  11% ] reimport | mercer_playing.png
[  22% ] reimport | mercer_stopped.png
[  33% ] reimport | nbpd_siren.png
[  44% ] reimport | after_combat.png
[  55% ] reimport | after_ready.png
[  66% ] reimport | DEAD_STREET_Harold_Updated.png
[  77% ] reimport | filter_probe.wav
[  88% ] reimport | Finalizing Asset Import...
[ DONE ] reimport

[   0% ] reimport | Started (Re)Importing Assets (8 steps)
[   0% ] reimport | Executing post-reimport operations...
[ DONE ] reimport

[   0% ] loading_editor_layout | Started Loading editor (5 steps)
[   0% ] loading_editor_layout | Loading editor layout...
[  16% ] loading_editor_layout | Loading docks...
[  33% ] loading_editor_layout | Reopening scenes...
[  50% ] loading_editor_layout | Loading central editor layout...
[  66% ] loading_editor_layout | Loading plugin window layout...
[  83% ] loading_editor_layout | Editor layout ready.
[ DONE ] loading_editor_layout

