Godot Engine v4.7.2.stable.official.ed1daf0bf - https://godotengine.org

GameplayRuntime: mode=campaign pending=
GameplayRuntime: after_turn force=debug_hq_force state=traveling_outbound campaign_pos=(7.20000028610229, 0.0) segment=0 into=7.2 pending=
GameplayRuntime: after_turn force=debug_hq_force state=traveling_outbound campaign_pos=(10.7999992370605, 0.0) segment=0 into=10.8 pending=
GameplayRuntime: after_turn force=debug_hq_force state=at_destination campaign_pos=(12.0, 0.0) segment=0 into=12.0 pending=debug_hq_assault
TacticalDeploymentController: auto-placed 1 attacker vehicle(s)
GameplayRuntime: mode=tactical_deployment pending=
TacticalDeploymentController: deployed player_arsenal_shotgun to cover sandbox_transport_00__door_0_north slot sandbox_transport_00__door_0_north_cover
TacticalDeploymentController: deployed player_arsenal_sniper to cover sandbox_transport_00__door_0_south slot sandbox_transport_00__door_0_south_cover
TacticalDeploymentController: deployed player_soldier to cover cover_north_car_4 slot cover_north_car_4_1
TacticalDeploymentController: deployed player_soldier_shotgun to cover cover_north_car_4 slot cover_north_car_4_3
TacticalDeploymentController: deployed player_soldier_smg to cover cover_north_car_5 slot cover_north_car_5_1
TacticalDeploymentController: attacker side attacker committed
TacticalDeploymentController: defender AI deployed and committed side defender posture=even
GameplayRuntime: mode=tactical_active pending=
GameplayRuntime: mode=campaign pending=debug_hq_assault
GameplayRuntime: after_turn force=debug_hq_force state=at_destination campaign_pos=(12.0, 0.0) segment=0 into=12.0 pending=debug_hq_assault
TacticalDeploymentController: auto-placed 1 attacker vehicle(s)
GameplayRuntime: mode=tactical_deployment pending=
TacticalDeploymentController: deployed player_arsenal_shotgun to cover sandbox_transport_00__door_0_north slot sandbox_transport_00__door_0_north_cover
TacticalDeploymentController: deployed player_arsenal_sniper to cover sandbox_transport_00__door_0_south slot sandbox_transport_00__door_0_south_cover
TacticalDeploymentController: deployed player_soldier to cover sandbox_transport_00__door_1_north slot sandbox_transport_00__door_1_north_cover
TacticalDeploymentController: deployed player_soldier_shotgun to cover sandbox_transport_00__door_1_south slot sandbox_transport_00__door_1_south_cover
TacticalDeploymentController: deployed player_soldier_smg to cover cover_north_car_4 slot cover_north_car_4_1
TacticalDeploymentController: attacker side attacker committed
TacticalDeploymentController: defender AI deployed and committed side defender posture=even
GameplayRuntime: mode=tactical_active pending=
BLOCKADE_VALIDATION { "checks": 68, "errors": [] }
