Godot Engine v4.7.2.stable.official.ed1daf0bf - https://godotengine.org
D3D12 12_0 - Forward+ - Using Device #0: NVIDIA - NVIDIA GeForce GTX 1650 with Max-Q Design

GameplayRuntime: booted mode=campaign turn=1 player=player_gang pending=
GameplayRuntime: mode=campaign pending=
GameplayRuntime: after_turn force=debug_hq_force state=traveling_outbound campaign_pos=(10.0, 0.0) segment=0 into=10.0 pending=
GameplayRuntime: after_turn force=debug_hq_force state=at_destination campaign_pos=(12.0, 0.0) segment=0 into=12.0 pending=debug_hq_assault
TacticalDeploymentController: auto-placed 2 attacker vehicle(s)
GameplayRuntime: mode=tactical_deployment pending=
TacticalDeploymentController: deployed sandbox_attacker_unit_01 to cover sandbox_transport_00__door_0_north slot sandbox_transport_00__door_0_north_cover
TacticalDeploymentController: deployed sandbox_attacker_unit_02 to cover sandbox_transport_00__door_0_south slot sandbox_transport_00__door_0_south_cover
TacticalDeploymentController: deployed sandbox_attacker_unit_03 to cover sandbox_transport_00__door_1_north slot sandbox_transport_00__door_1_north_cover
TacticalDeploymentController: deployed sandbox_attacker_unit_04 to cover sandbox_transport_00__door_1_south slot sandbox_transport_00__door_1_south_cover
TacticalDeploymentController: deployed sandbox_attacker_unit_05 to cover sandbox_transport_01__door_0_north slot sandbox_transport_01__door_0_north_cover
TacticalDeploymentController: deployed sandbox_attacker_unit_06 to cover sandbox_transport_01__door_0_south slot sandbox_transport_01__door_0_south_cover
TacticalDeploymentController: deployed sandbox_attacker_unit_07 to cover sandbox_transport_01__door_1_north slot sandbox_transport_01__door_1_north_cover
TacticalDeploymentController: attacker side attacker committed
TacticalDeploymentController: defender AI deployed and committed side defender posture=weaker
GameplayRuntime: mode=tactical_active pending=
GameplayRuntime: booted mode=campaign turn=1 player=player_gang pending=
GameplayRuntime: mode=campaign pending=
GameplayRuntime: after_turn force=debug_hq_force state=traveling_outbound campaign_pos=(4.59999990463257, 0.0) segment=0 into=4.6 pending=
GameplayRuntime: after_turn force=debug_hq_force state=traveling_outbound campaign_pos=(6.89999961853027, 0.0) segment=0 into=6.9 pending=
GameplayRuntime: after_turn force=debug_hq_force state=traveling_outbound campaign_pos=(9.19999980926514, 0.0) segment=0 into=9.2 pending=
GameplayRuntime: after_turn force=debug_hq_force state=traveling_outbound campaign_pos=(11.5, 0.0) segment=0 into=11.5 pending=
GameplayRuntime: after_turn force=debug_hq_force state=at_destination campaign_pos=(12.0, 0.0) segment=0 into=12.0 pending=debug_hq_assault
TacticalDeploymentController: auto-placed 1 attacker vehicle(s)
GameplayRuntime: mode=tactical_deployment pending=
TacticalDeploymentController: deployed sandbox_attacker_unit_01 to cover sandbox_transport_00__door_0_north slot sandbox_transport_00__door_0_north_cover
TacticalDeploymentController: deployed sandbox_attacker_unit_02 to cover sandbox_transport_00__door_0_south slot sandbox_transport_00__door_0_south_cover
TacticalDeploymentController: deployed sandbox_attacker_unit_03 to cover cover_north_car_4 slot cover_north_car_4_1
TacticalDeploymentController: deployed sandbox_attacker_unit_04 to cover cover_north_car_4 slot cover_north_car_4_3
TacticalDeploymentController: deployed sandbox_attacker_unit_05 to cover cover_north_car_5 slot cover_north_car_5_1
TacticalDeploymentController: deployed sandbox_attacker_unit_06 to cover cover_north_car_5 slot cover_north_car_5_2
TacticalDeploymentController: deployed sandbox_attacker_unit_07 to cover cover_north_car_5 slot cover_north_car_5_3
TacticalDeploymentController: deployed sandbox_attacker_unit_08 to cover cover_south_car_4 slot cover_south_car_4_0
TacticalDeploymentController: deployed sandbox_attacker_unit_09 to cover cover_south_car_4 slot cover_south_car_4_3
TacticalDeploymentController: deployed sandbox_attacker_unit_10 to cover cover_south_car_5 slot cover_south_car_5_0
TacticalDeploymentController: deployed sandbox_attacker_unit_11 to cover cover_south_car_5 slot cover_south_car_5_2
TacticalDeploymentController: deployed sandbox_attacker_unit_12 to cover cover_south_car_5 slot cover_south_car_5_3
TacticalDeploymentController: attacker side attacker committed
TacticalDeploymentController: defender AI deployed and committed side defender posture=even
GameplayRuntime: mode=tactical_active pending=
FLEXIBLE_NATIVE { "checks": 62, "errors": [], "battles": [{ "scenario": "7v3", "participants": 10, "shots": 12 }, { "scenario": "12v12", "participants": 24, "variants": 24, "shots": 12 }], "terminal_results_fixture": true }
