Godot Engine v4.7.2.stable.official.ed1daf0bf - https://godotengine.org
D3D12 12_0 - Forward+ - Using Device #0: NVIDIA - NVIDIA GeForce GTX 1650 with Max-Q Design

Movie Maker mode enabled, recording movie in 1440×1000 @ 30 FPS...
GameplayRuntime: booted mode=campaign turn=1 player=player_gang pending=
GameplayRuntime: mode=campaign pending=
GameplayRuntime: after_turn force=debug_hq_force state=traveling_outbound campaign_pos=(10.0, 0.0) segment=0 into=10.0 pending=
GameplayRuntime: after_turn force=debug_hq_force state=at_destination campaign_pos=(12.0, 0.0) segment=0 into=12.0 pending=debug_hq_assault
TacticalDeploymentController: attacker vehicle auto-placement failed code=no_legal_candidates
GameplayRuntime: mode=tactical_deployment pending=
TacticalDeploymentController: deployed sandbox_attacker_unit_01 to cover sandbox_transport_00__door_0_north slot sandbox_transport_00__door_0_north_cover
TacticalDeploymentController: deployed sandbox_attacker_unit_02 to cover sandbox_transport_00__door_0_south slot sandbox_transport_00__door_0_south_cover
TacticalDeploymentController: deployed sandbox_attacker_unit_03 to cover sandbox_transport_00__door_1_north slot sandbox_transport_00__door_1_north_cover
TacticalDeploymentController: deployed sandbox_attacker_unit_04 to cover sandbox_transport_00__door_1_south slot sandbox_transport_00__door_1_south_cover
TacticalDeploymentController: deployed sandbox_attacker_unit_05 to cover sandbox_transport_01__door_0_north slot sandbox_transport_01__door_0_north_cover
TacticalDeploymentController: attacker side attacker committed
TacticalDeploymentController: defender AI deployed and committed side defender posture=even
GLOSSARY_VALIDATION 3684 checks; 0 failures
--------------------------------------------------------------------------------
Done recording movie at path: C:\Users\brand\OneDrive\Documents\dead-street\tools\sandbox_glossaries_20260914\glossary_raw.avi
2860 frames at 30 FPS (movie length: 00:01:35:10), recorded in 00:01:32 (103% of real-time speed).
CPU render time: 0.76 seconds (average: 0.26 ms/frame)
GPU render time: 0.88 seconds (average: 0.31 ms/frame)
Encoding time: 40.57 seconds (average: 14.18 ms/frame)
--------------------------------------------------------------------------------
