Godot Engine v4.7.2.stable.official.ed1daf0bf - https://godotengine.org
D3D12 12_0 - Forward+ - Using Device #0: NVIDIA - NVIDIA GeForce GTX 1650 with Max-Q Design

GameplayRuntime: booted mode=campaign turn=1 player=player_gang pending=
GameplayRuntime: mode=campaign pending=
GameplayRuntime: after_turn force=debug_hq_force state=traveling_outbound campaign_pos=(7.59999990463257, 0.0) segment=0 into=7.6 pending=
GameplayRuntime: after_turn force=debug_hq_force state=traveling_outbound campaign_pos=(11.3999996185303, 0.0) segment=0 into=11.4 pending=
GameplayRuntime: after_turn force=debug_hq_force state=at_destination campaign_pos=(12.0, 0.0) segment=0 into=12.0 pending=debug_hq_assault
TacticalDeploymentController: auto-placed 2 attacker vehicle(s)
GameplayRuntime: mode=tactical_deployment pending=
TacticalDeploymentController: deployed sandbox_attacker_unit_01 to cover sandbox_transport_00__door_0_north slot sandbox_transport_00__door_0_north_cover
TacticalDeploymentController: deployed sandbox_attacker_unit_02 to cover sandbox_transport_00__door_0_south slot sandbox_transport_00__door_0_south_cover
TacticalDeploymentController: deployed sandbox_attacker_unit_03 to cover sandbox_transport_01__door_0_north slot sandbox_transport_01__door_0_north_cover
TacticalDeploymentController: deployed sandbox_attacker_unit_04 to cover sandbox_transport_01__door_0_south slot sandbox_transport_01__door_0_south_cover
TacticalDeploymentController: deployed sandbox_attacker_unit_05 to cover sandbox_transport_01__door_1_north slot sandbox_transport_01__door_1_north_cover
TacticalDeploymentController: deployed sandbox_attacker_unit_06 to cover sandbox_transport_01__door_1_south slot sandbox_transport_01__door_1_south_cover
TacticalDeploymentController: deployed sandbox_attacker_unit_07 to cover cover_traffic_3_0 slot cover_traffic_3_0_2
TacticalDeploymentController: deployed sandbox_attacker_unit_08 to cover sandbox_transport_00__body_cover slot sandbox_transport_00__body_cover__front
TacticalDeploymentController: attacker side attacker committed
TacticalDeploymentController: defender AI deployed and committed side defender posture=even
GameplayRuntime: mode=tactical_active pending=
BRIDGE_PROFILE { "paused": { "fps": 59.0, "draw_calls": 292.0, "objects": 3244.0, "process_ms": 30.195 }, "hidden_art": { "fps": 60.0, "draw_calls": 11.0, "objects": 91.0, "process_ms": 17.073 }, "runtime_mean_ms": 37.6749833333333, "runtime_p95_ms": 85.825, "runtime_max_ms": 211.993, "active": { "fps": 23.0, "draw_calls": 367.0, "objects": 3521.0, "process_ms": 106.458 }, "stage_totals_ms": { "weapon": 334.425, "targets": 221.759, "pressure": 212.02, "tactics": 7.83199999999999, "combat": 3014.01, "path_follow": 25.295, "movement": 697.823 }, "stage_counts": { "weapon": 120, "targets": 120, "pressure": 120, "tactics": 120, "combat": 120, "path_follow": 120, "movement": 120 } }
