Godot Engine v4.7.2.stable.official.ed1daf0bf - https://godotengine.org
D3D12 12_0 - Forward+ - Using Device #0: NVIDIA - NVIDIA GeForce GTX 1650 with Max-Q Design

GameplayRuntime: booted mode=campaign turn=1 player=player_gang pending=
GameplayRuntime: mode=campaign pending=
GameplayRuntime: after_turn force=debug_hq_force state=traveling_outbound campaign_pos=(7.59999990463257, 0.0) segment=0 into=7.6 pending=
GameplayRuntime: after_turn force=debug_hq_force state=traveling_outbound campaign_pos=(11.3999996185303, 0.0) segment=0 into=11.4 pending=
GameplayRuntime: after_turn force=debug_hq_force state=at_destination campaign_pos=(12.0, 0.0) segment=0 into=12.0 pending=debug_hq_assault
TacticalDeploymentController: auto-placed 2 attacker vehicle(s)
GameplayRuntime: mode=tactical_deployment pending=
TacticalDeploymentController: deployed sandbox_attacker_unit_01 to cover sandbox_transport_00__door_0_north slot sandbox_transport_00__door_0_north_cover
TacticalDeploymentController: deployed sandbox_attacker_unit_02 to cover sandbox_transport_00__door_0_south slot sandbox_transport_00__door_0_south_cover
TacticalDeploymentController: deployed sandbox_attacker_unit_03 to cover sandbox_transport_01__door_1_north slot sandbox_transport_01__door_1_north_cover
TacticalDeploymentController: deployed sandbox_attacker_unit_04 to cover sandbox_transport_01__door_1_south slot sandbox_transport_01__door_1_south_cover
TacticalDeploymentController: deployed sandbox_attacker_unit_05 to cover cover_traffic_1_0 slot cover_traffic_1_0_2
TacticalDeploymentController: deployed sandbox_attacker_unit_06 to cover cover_traffic_2_0 slot cover_traffic_2_0_3
TacticalDeploymentController: deployed sandbox_attacker_unit_07 to cover cover_traffic_3_0 slot cover_traffic_3_0_3
TacticalDeploymentController: deployed sandbox_attacker_unit_08 to cover sandbox_transport_00__body_cover slot sandbox_transport_00__body_cover__front
TacticalDeploymentController: attacker side attacker committed
TacticalDeploymentController: defender AI deployed and committed side defender posture=even
GameplayRuntime: mode=tactical_active pending=
BRIDGE_SCALE { "units": 16, "rendered_actors": 16, "living": 16, "steps": 120, "sim_seconds": 6.0, "wall_seconds": 4.413, "mean_update_ms": 31.1253166666667, "p95_update_ms": 61.097, "max_update_ms": 202.427, "paused_fps": 60.0, "loop_frames_per_second": 27.1923861318831, "moved_units": 8, "damage": 0.0, "stages_ms": { "weapon": 301.236, "targets": 182.022, "pressure": 164.097, "tactics": 6.32099999999999, "combat": 2409.485, "path_follow": 20.185, "movement": 644.894 } }
GameplayRuntime: booted mode=campaign turn=1 player=player_gang pending=
GameplayRuntime: mode=campaign pending=
GameplayRuntime: after_turn force=debug_hq_force state=traveling_outbound campaign_pos=(7.59999990463257, 0.0) segment=0 into=7.6 pending=
GameplayRuntime: after_turn force=debug_hq_force state=traveling_outbound campaign_pos=(11.3999996185303, 0.0) segment=0 into=11.4 pending=
GameplayRuntime: after_turn force=debug_hq_force state=at_destination campaign_pos=(12.0, 0.0) segment=0 into=12.0 pending=debug_hq_assault
TacticalDeploymentController: auto-placed 2 attacker vehicle(s)
GameplayRuntime: mode=tactical_deployment pending=
TacticalDeploymentController: deployed sandbox_attacker_unit_01 to cover sandbox_transport_00__door_0_north slot sandbox_transport_00__door_0_north_cover
TacticalDeploymentController: deployed sandbox_attacker_unit_02 to cover sandbox_transport_00__door_0_south slot sandbox_transport_00__door_0_south_cover
TacticalDeploymentController: deployed sandbox_attacker_unit_03 to cover sandbox_transport_01__door_1_north slot sandbox_transport_01__door_1_north_cover
TacticalDeploymentController: deployed sandbox_attacker_unit_04 to cover sandbox_transport_01__door_1_south slot sandbox_transport_01__door_1_south_cover
TacticalDeploymentController: deployed sandbox_attacker_unit_05 to cover cover_traffic_1_0 slot cover_traffic_1_0_2
TacticalDeploymentController: deployed sandbox_attacker_unit_06 to cover cover_traffic_2_0 slot cover_traffic_2_0_3
TacticalDeploymentController: deployed sandbox_attacker_unit_07 to cover cover_traffic_3_0 slot cover_traffic_3_0_3
TacticalDeploymentController: deployed sandbox_attacker_unit_08 to cover sandbox_transport_00__body_cover slot sandbox_transport_00__body_cover__front
TacticalDeploymentController: attacker side attacker committed
TacticalDeploymentController: defender AI deployed and committed side defender posture=even
GameplayRuntime: mode=tactical_active pending=
BRIDGE_SCALE { "units": 64, "rendered_actors": 64, "living": 64, "steps": 120, "sim_seconds": 6.0, "wall_seconds": 16.952, "mean_update_ms": 131.1427, "p95_update_ms": 174.094, "max_update_ms": 1217.687, "paused_fps": 47.0, "loop_frames_per_second": 7.07881075979235, "moved_units": 32, "damage": 0.0, "stages_ms": { "weapon": 387.899, "targets": 2813.03, "pressure": 2472.146, "tactics": 68.4750000000001, "combat": 7267.949, "path_follow": 36.519, "movement": 2680.865 } }
GameplayRuntime: booted mode=campaign turn=1 player=player_gang pending=
GameplayRuntime: mode=campaign pending=
GameplayRuntime: after_turn force=debug_hq_force state=traveling_outbound campaign_pos=(7.59999990463257, 0.0) segment=0 into=7.6 pending=
GameplayRuntime: after_turn force=debug_hq_force state=traveling_outbound campaign_pos=(11.3999996185303, 0.0) segment=0 into=11.4 pending=
GameplayRuntime: after_turn force=debug_hq_force state=at_destination campaign_pos=(12.0, 0.0) segment=0 into=12.0 pending=debug_hq_assault
TacticalDeploymentController: auto-placed 2 attacker vehicle(s)
GameplayRuntime: mode=tactical_deployment pending=
TacticalDeploymentController: deployed sandbox_attacker_unit_01 to cover sandbox_transport_00__door_0_north slot sandbox_transport_00__door_0_north_cover
TacticalDeploymentController: deployed sandbox_attacker_unit_02 to cover sandbox_transport_00__door_0_south slot sandbox_transport_00__door_0_south_cover
TacticalDeploymentController: deployed sandbox_attacker_unit_03 to cover sandbox_transport_01__door_1_north slot sandbox_transport_01__door_1_north_cover
TacticalDeploymentController: deployed sandbox_attacker_unit_04 to cover sandbox_transport_01__door_1_south slot sandbox_transport_01__door_1_south_cover
TacticalDeploymentController: deployed sandbox_attacker_unit_05 to cover cover_traffic_1_0 slot cover_traffic_1_0_2
TacticalDeploymentController: deployed sandbox_attacker_unit_06 to cover cover_traffic_2_0 slot cover_traffic_2_0_3
TacticalDeploymentController: deployed sandbox_attacker_unit_07 to cover cover_traffic_3_0 slot cover_traffic_3_0_3
TacticalDeploymentController: deployed sandbox_attacker_unit_08 to cover sandbox_transport_00__body_cover slot sandbox_transport_00__body_cover__front
TacticalDeploymentController: attacker side attacker committed
TacticalDeploymentController: defender AI deployed and committed side defender posture=even
GameplayRuntime: mode=tactical_active pending=
BRIDGE_SCALE { "units": 128, "rendered_actors": 128, "living": 128, "steps": 64, "sim_seconds": 3.2, "wall_seconds": 25.129, "mean_update_ms": 376.6676875, "p95_update_ms": 465.706, "max_update_ms": 2673.957, "paused_fps": 62.0, "loop_frames_per_second": 2.546858211628, "moved_units": 64, "damage": 0.0, "stages_ms": { "weapon": 262.446, "targets": 6383.926, "pressure": 5730.295, "tactics": 167.762, "combat": 8475.586, "path_follow": 37.276, "movement": 3042.621 } }
GameplayRuntime: booted mode=campaign turn=1 player=player_gang pending=
GameplayRuntime: mode=campaign pending=
GameplayRuntime: after_turn force=debug_hq_force state=traveling_outbound campaign_pos=(7.59999990463257, 0.0) segment=0 into=7.6 pending=
GameplayRuntime: after_turn force=debug_hq_force state=traveling_outbound campaign_pos=(11.3999996185303, 0.0) segment=0 into=11.4 pending=
GameplayRuntime: after_turn force=debug_hq_force state=at_destination campaign_pos=(12.0, 0.0) segment=0 into=12.0 pending=debug_hq_assault
TacticalDeploymentController: auto-placed 2 attacker vehicle(s)
GameplayRuntime: mode=tactical_deployment pending=
TacticalDeploymentController: deployed sandbox_attacker_unit_01 to cover sandbox_transport_00__door_0_north slot sandbox_transport_00__door_0_north_cover
TacticalDeploymentController: deployed sandbox_attacker_unit_02 to cover sandbox_transport_00__door_0_south slot sandbox_transport_00__door_0_south_cover
TacticalDeploymentController: deployed sandbox_attacker_unit_03 to cover sandbox_transport_01__door_1_north slot sandbox_transport_01__door_1_north_cover
TacticalDeploymentController: deployed sandbox_attacker_unit_04 to cover sandbox_transport_01__door_1_south slot sandbox_transport_01__door_1_south_cover
TacticalDeploymentController: deployed sandbox_attacker_unit_05 to cover cover_traffic_1_0 slot cover_traffic_1_0_2
TacticalDeploymentController: deployed sandbox_attacker_unit_06 to cover cover_traffic_2_0 slot cover_traffic_2_0_3
TacticalDeploymentController: deployed sandbox_attacker_unit_07 to cover cover_traffic_3_0 slot cover_traffic_3_0_3
TacticalDeploymentController: deployed sandbox_attacker_unit_08 to cover sandbox_transport_00__body_cover slot sandbox_transport_00__body_cover__front
TacticalDeploymentController: attacker side attacker committed
TacticalDeploymentController: defender AI deployed and committed side defender posture=even
GameplayRuntime: mode=tactical_active pending=
BRIDGE_SCALE { "units": 256, "rendered_actors": 256, "living": 256, "steps": 22, "sim_seconds": 1.1, "wall_seconds": 25.697, "mean_update_ms": 1144.33068181818, "p95_update_ms": 1008.807, "max_update_ms": 5534.186, "paused_fps": 34.0, "loop_frames_per_second": 0.85613106588318, "moved_units": 128, "damage": 0.0, "stages_ms": { "weapon": 108.646, "targets": 7921.123, "pressure": 7118.964, "tactics": 235.586, "combat": 7874.89, "path_follow": 21.413, "movement": 1891.658 } }
