Godot Engine v4.7.2.stable.official.ed1daf0bf - https://godotengine.org

FACTION_REASSIGN 195 checks; 23 failures
menu paused mercer
menu paused eastex
menu paused calle_ocho
menu paused ventresca
menu paused ravicci
menu paused orlov
menu paused zangyaku
menu paused bitian
menu paused stateline
menu paused sierra_roja
menu paused whittaker
menu paused mcallister
menu paused trc
menu paused nbpd
menu paused mercer44
menu paused wm_corp
menu paused union_sur
menu paused lombardia
menu paused sand_raiders
menu paused saffar
menu paused kurgan
menu paused ashford_crane
menu paused blacktop
WARNING: 2 ObjectDB instances were leaked at exit (run with `--verbose` for details).
   at: cleanup (core/object/object.cpp:2536)
