Godot Engine v4.7.2.stable.official.ed1daf0bf - https://godotengine.org
D3D12 12_0 - Forward+ - Using Device #0: NVIDIA - NVIDIA GeForce GTX 1650 with Max-Q Design

GameplayRuntime: booted mode=campaign turn=1 player=player_gang pending=
GameplayRuntime: mode=campaign pending=
GameplayRuntime: after_turn force=debug_hq_force state=traveling_outbound campaign_pos=(7.79999971389771, 0.0) segment=0 into=7.8 pending=
GameplayRuntime: after_turn force=debug_hq_force state=traveling_outbound campaign_pos=(11.7000007629395, 0.0) segment=0 into=11.7 pending=
GameplayRuntime: after_turn force=debug_hq_force state=at_destination campaign_pos=(12.0, 0.0) segment=0 into=12.0 pending=debug_hq_assault
TacticalDeploymentController: auto-placed 5 attacker vehicle(s)
GameplayRuntime: mode=tactical_deployment pending=
TacticalDeploymentController: deployed sandbox_attacker_unit_01 to cover sandbox_transport_01__door_0_north slot sandbox_transport_01__door_0_north_cover
TacticalDeploymentController: deployed sandbox_attacker_unit_02 to cover sandbox_transport_01__door_0_south slot sandbox_transport_01__door_0_south_cover
TacticalDeploymentController: deployed sandbox_attacker_unit_03 to cover sandbox_transport_04__door_0_south slot sandbox_transport_04__door_0_south_cover
TacticalDeploymentController: deployed sandbox_attacker_unit_04 to cover cover_north_car_2 slot cover_north_car_2_1
TacticalDeploymentController: deployed sandbox_attacker_unit_05 to cover cover_north_car_2 slot cover_north_car_2_3
TacticalDeploymentController: deployed sandbox_attacker_unit_06 to cover cover_north_car_3 slot cover_north_car_3_1
TacticalDeploymentController: deployed sandbox_attacker_unit_07 to cover cover_north_car_3 slot cover_north_car_3_3
TacticalDeploymentController: deployed sandbox_attacker_unit_08 to cover cover_north_car_4 slot cover_north_car_4_1
TacticalDeploymentController: deployed sandbox_attacker_unit_09 to cover cover_north_car_4 slot cover_north_car_4_3
TacticalDeploymentController: deployed sandbox_attacker_unit_10 to cover cover_north_car_5 slot cover_north_car_5_1
TacticalDeploymentController: deployed sandbox_attacker_unit_11 to cover cover_north_car_5 slot cover_north_car_5_2
TacticalDeploymentController: deployed sandbox_attacker_unit_12 to cover cover_north_car_5 slot cover_north_car_5_3
TacticalDeploymentController: deployed sandbox_attacker_unit_13 to cover cover_south_car_1 slot cover_south_car_1_3
TacticalDeploymentController: deployed sandbox_attacker_unit_14 to cover cover_south_car_2 slot cover_south_car_2_0
TacticalDeploymentController: deployed sandbox_attacker_unit_15 to cover cover_south_car_2 slot cover_south_car_2_3
TacticalDeploymentController: deployed sandbox_attacker_unit_16 to cover cover_south_car_3 slot cover_south_car_3_0
TacticalDeploymentController: attacker side attacker committed
TacticalDeploymentController: defender AI deployed and committed side defender posture=weaker
GameplayRuntime: booted mode=campaign turn=1 player=player_gang pending=
GameplayRuntime: mode=campaign pending=
GameplayRuntime: after_turn force=debug_hq_force state=traveling_outbound campaign_pos=(7.79999971389771, 0.0) segment=0 into=7.8 pending=
GameplayRuntime: after_turn force=debug_hq_force state=traveling_outbound campaign_pos=(11.7000007629395, 0.0) segment=0 into=11.7 pending=
GameplayRuntime: after_turn force=debug_hq_force state=at_destination campaign_pos=(12.0, 0.0) segment=0 into=12.0 pending=debug_hq_assault
TacticalDeploymentController: auto-placed 5 attacker vehicle(s)
GameplayRuntime: mode=tactical_deployment pending=
TacticalDeploymentController: deployed sandbox_attacker_unit_01 to cover sandbox_transport_01__door_0_north slot sandbox_transport_01__door_0_north_cover
TacticalDeploymentController: deployed sandbox_attacker_unit_02 to cover sandbox_transport_01__door_0_south slot sandbox_transport_01__door_0_south_cover
TacticalDeploymentController: deployed sandbox_attacker_unit_03 to cover sandbox_transport_01__door_1_north slot sandbox_transport_01__door_1_north_cover
TacticalDeploymentController: deployed sandbox_attacker_unit_04 to cover sandbox_transport_01__door_1_south slot sandbox_transport_01__door_1_south_cover
TacticalDeploymentController: deployed sandbox_attacker_unit_05 to cover sandbox_transport_04__door_0_north slot sandbox_transport_04__door_0_north_cover
TacticalDeploymentController: deployed sandbox_attacker_unit_06 to cover sandbox_transport_04__door_0_south slot sandbox_transport_04__door_0_south_cover
TacticalDeploymentController: deployed sandbox_attacker_unit_07 to cover cover_traffic_1_0 slot cover_traffic_1_0_2
TacticalDeploymentController: deployed sandbox_attacker_unit_08 to cover cover_traffic_2_0 slot cover_traffic_2_0_3
TacticalDeploymentController: deployed sandbox_attacker_unit_09 to cover cover_traffic_3_0 slot cover_traffic_3_0_3
TacticalDeploymentController: deployed sandbox_attacker_unit_10 to cover sandbox_transport_01__body_cover slot sandbox_transport_01__body_cover__front
TacticalDeploymentController: deployed sandbox_attacker_unit_11 to cover sandbox_transport_01__body_cover slot sandbox_transport_01__body_cover__left
TacticalDeploymentController: deployed sandbox_attacker_unit_12 to cover sandbox_transport_01__body_cover slot sandbox_transport_01__body_cover__rear
TacticalDeploymentController: deployed sandbox_attacker_unit_13 to cover sandbox_transport_01__body_cover slot sandbox_transport_01__body_cover__right
TacticalDeploymentController: deployed sandbox_attacker_unit_14 to cover sandbox_transport_04__body_cover slot sandbox_transport_04__body_cover__front
TacticalDeploymentController: deployed sandbox_attacker_unit_15 to cover sandbox_transport_04__body_cover slot sandbox_transport_04__body_cover__left
TacticalDeploymentController: deployed sandbox_attacker_unit_16 to cover sandbox_transport_04__body_cover slot sandbox_transport_04__body_cover__rear
TacticalDeploymentController: attacker side attacker committed
TacticalDeploymentController: defender AI deployed and committed side defender posture=weaker
GameplayRuntime: booted mode=campaign turn=1 player=player_gang pending=
GameplayRuntime: mode=campaign pending=
GameplayRuntime: after_turn force=debug_hq_force state=traveling_outbound campaign_pos=(7.79999971389771, 0.0) segment=0 into=7.8 pending=
GameplayRuntime: after_turn force=debug_hq_force state=traveling_outbound campaign_pos=(11.7000007629395, 0.0) segment=0 into=11.7 pending=
GameplayRuntime: after_turn force=debug_hq_force state=at_destination campaign_pos=(12.0, 0.0) segment=0 into=12.0 pending=debug_hq_assault
TacticalDeploymentController: auto-placed 5 attacker vehicle(s)
GameplayRuntime: mode=tactical_deployment pending=
GameplayRuntime: booted mode=campaign turn=1 player=player_gang pending=
GameplayRuntime: mode=campaign pending=
GameplayRuntime: after_turn force=debug_hq_force state=traveling_outbound campaign_pos=(7.79999971389771, 0.0) segment=0 into=7.8 pending=
GameplayRuntime: after_turn force=debug_hq_force state=traveling_outbound campaign_pos=(11.7000007629395, 0.0) segment=0 into=11.7 pending=
GameplayRuntime: after_turn force=debug_hq_force state=at_destination campaign_pos=(12.0, 0.0) segment=0 into=12.0 pending=debug_hq_assault
TacticalDeploymentController: auto-placed 5 attacker vehicle(s)
GameplayRuntime: mode=tactical_deployment pending=
TacticalDeploymentController: attacker side attacker committed
GameplayRuntime: booted mode=campaign turn=1 player=player_gang pending=
GameplayRuntime: mode=campaign pending=
GameplayRuntime: after_turn force=debug_hq_force state=traveling_outbound campaign_pos=(7.79999971389771, 0.0) segment=0 into=7.8 pending=
GameplayRuntime: after_turn force=debug_hq_force state=traveling_outbound campaign_pos=(11.7000007629395, 0.0) segment=0 into=11.7 pending=
GameplayRuntime: after_turn force=debug_hq_force state=at_destination campaign_pos=(12.0, 0.0) segment=0 into=12.0 pending=debug_hq_assault
TacticalDeploymentController: auto-placed 5 attacker vehicle(s)
GameplayRuntime: mode=tactical_deployment pending=
TacticalDeploymentController: deployed sandbox_attacker_unit_01 to cover sandbox_transport_01__door_0_north slot sandbox_transport_01__door_0_north_cover
TacticalDeploymentController: deployed sandbox_attacker_unit_02 to cover sandbox_transport_01__door_0_south slot sandbox_transport_01__door_0_south_cover
TacticalDeploymentController: deployed sandbox_attacker_unit_03 to cover sandbox_transport_04__door_0_south slot sandbox_transport_04__door_0_south_cover
TacticalDeploymentController: deployed sandbox_attacker_unit_04 to cover cover_north_car_2 slot cover_north_car_2_1
TacticalDeploymentController: deployed sandbox_attacker_unit_05 to cover cover_north_car_2 slot cover_north_car_2_3
TacticalDeploymentController: deployed sandbox_attacker_unit_06 to cover cover_north_car_3 slot cover_north_car_3_1
TacticalDeploymentController: deployed sandbox_attacker_unit_07 to cover cover_north_car_3 slot cover_north_car_3_3
TacticalDeploymentController: deployed sandbox_attacker_unit_08 to cover cover_north_car_4 slot cover_north_car_4_1
TacticalDeploymentController: deployed sandbox_attacker_unit_09 to cover cover_north_car_4 slot cover_north_car_4_3
TacticalDeploymentController: deployed sandbox_attacker_unit_10 to cover cover_north_car_5 slot cover_north_car_5_1
TacticalDeploymentController: deployed sandbox_attacker_unit_11 to cover cover_north_car_5 slot cover_north_car_5_2
TacticalDeploymentController: deployed sandbox_attacker_unit_12 to cover cover_north_car_5 slot cover_north_car_5_3
TacticalDeploymentController: deployed sandbox_attacker_unit_13 to cover cover_south_car_1 slot cover_south_car_1_3
TacticalDeploymentController: deployed sandbox_attacker_unit_14 to cover cover_south_car_2 slot cover_south_car_2_0
TacticalDeploymentController: deployed sandbox_attacker_unit_15 to cover cover_south_car_2 slot cover_south_car_2_3
TacticalDeploymentController: deployed sandbox_attacker_unit_16 to cover cover_south_car_3 slot cover_south_car_3_0
TacticalDeploymentController: attacker side attacker committed
TacticalDeploymentController: defender AI deployed and committed side defender posture=weaker
GameplayRuntime: booted mode=campaign turn=1 player=player_gang pending=
GameplayRuntime: mode=campaign pending=
GameplayRuntime: after_turn force=debug_hq_force state=traveling_outbound campaign_pos=(7.79999971389771, 0.0) segment=0 into=7.8 pending=
GameplayRuntime: after_turn force=debug_hq_force state=traveling_outbound campaign_pos=(11.7000007629395, 0.0) segment=0 into=11.7 pending=
GameplayRuntime: after_turn force=debug_hq_force state=at_destination campaign_pos=(12.0, 0.0) segment=0 into=12.0 pending=debug_hq_assault
TacticalDeploymentController: auto-placed 5 attacker vehicle(s)
GameplayRuntime: mode=tactical_deployment pending=
TacticalDeploymentController: deployed sandbox_attacker_unit_01 to cover sandbox_transport_01__door_0_north slot sandbox_transport_01__door_0_north_cover
TacticalDeploymentController: deployed sandbox_attacker_unit_02 to cover sandbox_transport_01__door_0_south slot sandbox_transport_01__door_0_south_cover
TacticalDeploymentController: deployed sandbox_attacker_unit_03 to cover sandbox_transport_01__door_1_north slot sandbox_transport_01__door_1_north_cover
TacticalDeploymentController: deployed sandbox_attacker_unit_04 to cover sandbox_transport_01__door_1_south slot sandbox_transport_01__door_1_south_cover
TacticalDeploymentController: deployed sandbox_attacker_unit_05 to cover sandbox_transport_04__door_0_north slot sandbox_transport_04__door_0_north_cover
TacticalDeploymentController: deployed sandbox_attacker_unit_06 to cover sandbox_transport_04__door_0_south slot sandbox_transport_04__door_0_south_cover
TacticalDeploymentController: deployed sandbox_attacker_unit_07 to cover cover_traffic_1_0 slot cover_traffic_1_0_2
TacticalDeploymentController: deployed sandbox_attacker_unit_08 to cover cover_traffic_2_0 slot cover_traffic_2_0_3
TacticalDeploymentController: deployed sandbox_attacker_unit_09 to cover cover_traffic_3_0 slot cover_traffic_3_0_3
TacticalDeploymentController: deployed sandbox_attacker_unit_10 to cover sandbox_transport_01__body_cover slot sandbox_transport_01__body_cover__front
TacticalDeploymentController: deployed sandbox_attacker_unit_11 to cover sandbox_transport_01__body_cover slot sandbox_transport_01__body_cover__left
TacticalDeploymentController: deployed sandbox_attacker_unit_12 to cover sandbox_transport_01__body_cover slot sandbox_transport_01__body_cover__rear
TacticalDeploymentController: deployed sandbox_attacker_unit_13 to cover sandbox_transport_01__body_cover slot sandbox_transport_01__body_cover__right
TacticalDeploymentController: deployed sandbox_attacker_unit_14 to cover sandbox_transport_04__body_cover slot sandbox_transport_04__body_cover__front
TacticalDeploymentController: deployed sandbox_attacker_unit_15 to cover sandbox_transport_04__body_cover slot sandbox_transport_04__body_cover__left
TacticalDeploymentController: deployed sandbox_attacker_unit_16 to cover sandbox_transport_04__body_cover slot sandbox_transport_04__body_cover__rear
TacticalDeploymentController: attacker side attacker committed
TacticalDeploymentController: defender AI deployed and committed side defender posture=weaker
GameplayRuntime: booted mode=campaign turn=1 player=player_gang pending=
GameplayRuntime: mode=campaign pending=
GameplayRuntime: after_turn force=debug_hq_force state=traveling_outbound campaign_pos=(7.79999971389771, 0.0) segment=0 into=7.8 pending=
GameplayRuntime: after_turn force=debug_hq_force state=traveling_outbound campaign_pos=(11.7000007629395, 0.0) segment=0 into=11.7 pending=
GameplayRuntime: after_turn force=debug_hq_force state=at_destination campaign_pos=(12.0, 0.0) segment=0 into=12.0 pending=debug_hq_assault
TacticalDeploymentController: auto-placed 5 attacker vehicle(s)
GameplayRuntime: mode=tactical_deployment pending=
GameplayRuntime: booted mode=campaign turn=1 player=player_gang pending=
GameplayRuntime: mode=campaign pending=
GameplayRuntime: after_turn force=debug_hq_force state=traveling_outbound campaign_pos=(7.79999971389771, 0.0) segment=0 into=7.8 pending=
GameplayRuntime: after_turn force=debug_hq_force state=traveling_outbound campaign_pos=(11.7000007629395, 0.0) segment=0 into=11.7 pending=
GameplayRuntime: after_turn force=debug_hq_force state=at_destination campaign_pos=(12.0, 0.0) segment=0 into=12.0 pending=debug_hq_assault
TacticalDeploymentController: auto-placed 5 attacker vehicle(s)
GameplayRuntime: mode=tactical_deployment pending=
TacticalDeploymentController: attacker side attacker committed
GameplayRuntime: booted mode=campaign turn=1 player=player_gang pending=
GameplayRuntime: mode=campaign pending=
GameplayRuntime: after_turn force=debug_hq_force state=traveling_outbound campaign_pos=(7.79999971389771, 0.0) segment=0 into=7.8 pending=
GameplayRuntime: after_turn force=debug_hq_force state=traveling_outbound campaign_pos=(11.7000007629395, 0.0) segment=0 into=11.7 pending=
GameplayRuntime: after_turn force=debug_hq_force state=at_destination campaign_pos=(12.0, 0.0) segment=0 into=12.0 pending=debug_hq_assault
TacticalDeploymentController: auto-placed 5 attacker vehicle(s)
GameplayRuntime: mode=tactical_deployment pending=
TacticalDeploymentController: deployed sandbox_attacker_unit_01 to cover sandbox_transport_01__door_0_north slot sandbox_transport_01__door_0_north_cover
TacticalDeploymentController: deployed sandbox_attacker_unit_02 to cover sandbox_transport_01__door_0_south slot sandbox_transport_01__door_0_south_cover
TacticalDeploymentController: deployed sandbox_attacker_unit_03 to cover sandbox_transport_04__door_0_south slot sandbox_transport_04__door_0_south_cover
TacticalDeploymentController: deployed sandbox_attacker_unit_04 to cover cover_north_car_2 slot cover_north_car_2_1
TacticalDeploymentController: deployed sandbox_attacker_unit_05 to cover cover_north_car_2 slot cover_north_car_2_3
TacticalDeploymentController: deployed sandbox_attacker_unit_06 to cover cover_north_car_3 slot cover_north_car_3_1
TacticalDeploymentController: deployed sandbox_attacker_unit_07 to cover cover_north_car_3 slot cover_north_car_3_3
TacticalDeploymentController: deployed sandbox_attacker_unit_08 to cover cover_north_car_4 slot cover_north_car_4_1
TacticalDeploymentController: deployed sandbox_attacker_unit_09 to cover cover_north_car_4 slot cover_north_car_4_3
TacticalDeploymentController: deployed sandbox_attacker_unit_10 to cover cover_north_car_5 slot cover_north_car_5_1
TacticalDeploymentController: deployed sandbox_attacker_unit_11 to cover cover_north_car_5 slot cover_north_car_5_2
TacticalDeploymentController: deployed sandbox_attacker_unit_12 to cover cover_north_car_5 slot cover_north_car_5_3
TacticalDeploymentController: deployed sandbox_attacker_unit_13 to cover cover_south_car_1 slot cover_south_car_1_3
TacticalDeploymentController: deployed sandbox_attacker_unit_14 to cover cover_south_car_2 slot cover_south_car_2_0
TacticalDeploymentController: deployed sandbox_attacker_unit_15 to cover cover_south_car_2 slot cover_south_car_2_3
TacticalDeploymentController: deployed sandbox_attacker_unit_16 to cover cover_south_car_3 slot cover_south_car_3_0
TacticalDeploymentController: attacker side attacker committed
TacticalDeploymentController: defender AI deployed and committed side defender posture=weaker
GameplayRuntime: booted mode=campaign turn=1 player=player_gang pending=
GameplayRuntime: mode=campaign pending=
GameplayRuntime: after_turn force=debug_hq_force state=traveling_outbound campaign_pos=(7.79999971389771, 0.0) segment=0 into=7.8 pending=
GameplayRuntime: after_turn force=debug_hq_force state=traveling_outbound campaign_pos=(11.7000007629395, 0.0) segment=0 into=11.7 pending=
GameplayRuntime: after_turn force=debug_hq_force state=at_destination campaign_pos=(12.0, 0.0) segment=0 into=12.0 pending=debug_hq_assault
TacticalDeploymentController: auto-placed 5 attacker vehicle(s)
GameplayRuntime: mode=tactical_deployment pending=
TacticalDeploymentController: deployed sandbox_attacker_unit_01 to cover sandbox_transport_01__door_0_north slot sandbox_transport_01__door_0_north_cover
TacticalDeploymentController: deployed sandbox_attacker_unit_02 to cover sandbox_transport_01__door_0_south slot sandbox_transport_01__door_0_south_cover
TacticalDeploymentController: deployed sandbox_attacker_unit_03 to cover sandbox_transport_01__door_1_north slot sandbox_transport_01__door_1_north_cover
TacticalDeploymentController: deployed sandbox_attacker_unit_04 to cover sandbox_transport_01__door_1_south slot sandbox_transport_01__door_1_south_cover
TacticalDeploymentController: deployed sandbox_attacker_unit_05 to cover sandbox_transport_04__door_0_north slot sandbox_transport_04__door_0_north_cover
TacticalDeploymentController: deployed sandbox_attacker_unit_06 to cover sandbox_transport_04__door_0_south slot sandbox_transport_04__door_0_south_cover
TacticalDeploymentController: deployed sandbox_attacker_unit_07 to cover cover_traffic_1_0 slot cover_traffic_1_0_2
TacticalDeploymentController: deployed sandbox_attacker_unit_08 to cover cover_traffic_2_0 slot cover_traffic_2_0_3
TacticalDeploymentController: deployed sandbox_attacker_unit_09 to cover cover_traffic_3_0 slot cover_traffic_3_0_3
TacticalDeploymentController: deployed sandbox_attacker_unit_10 to cover sandbox_transport_01__body_cover slot sandbox_transport_01__body_cover__front
TacticalDeploymentController: deployed sandbox_attacker_unit_11 to cover sandbox_transport_01__body_cover slot sandbox_transport_01__body_cover__left
TacticalDeploymentController: deployed sandbox_attacker_unit_12 to cover sandbox_transport_01__body_cover slot sandbox_transport_01__body_cover__rear
TacticalDeploymentController: deployed sandbox_attacker_unit_13 to cover sandbox_transport_01__body_cover slot sandbox_transport_01__body_cover__right
TacticalDeploymentController: deployed sandbox_attacker_unit_14 to cover sandbox_transport_04__body_cover slot sandbox_transport_04__body_cover__front
TacticalDeploymentController: deployed sandbox_attacker_unit_15 to cover sandbox_transport_04__body_cover slot sandbox_transport_04__body_cover__left
TacticalDeploymentController: deployed sandbox_attacker_unit_16 to cover sandbox_transport_04__body_cover slot sandbox_transport_04__body_cover__rear
TacticalDeploymentController: attacker side attacker committed
TacticalDeploymentController: defender AI deployed and committed side defender posture=weaker
GameplayRuntime: booted mode=campaign turn=1 player=player_gang pending=
GameplayRuntime: mode=campaign pending=
GameplayRuntime: after_turn force=debug_hq_force state=traveling_outbound campaign_pos=(7.79999971389771, 0.0) segment=0 into=7.8 pending=
GameplayRuntime: after_turn force=debug_hq_force state=traveling_outbound campaign_pos=(11.7000007629395, 0.0) segment=0 into=11.7 pending=
GameplayRuntime: after_turn force=debug_hq_force state=at_destination campaign_pos=(12.0, 0.0) segment=0 into=12.0 pending=debug_hq_assault
TacticalDeploymentController: auto-placed 5 attacker vehicle(s)
GameplayRuntime: mode=tactical_deployment pending=
GameplayRuntime: booted mode=campaign turn=1 player=player_gang pending=
GameplayRuntime: mode=campaign pending=
GameplayRuntime: after_turn force=debug_hq_force state=traveling_outbound campaign_pos=(7.79999971389771, 0.0) segment=0 into=7.8 pending=
GameplayRuntime: after_turn force=debug_hq_force state=traveling_outbound campaign_pos=(11.7000007629395, 0.0) segment=0 into=11.7 pending=
GameplayRuntime: after_turn force=debug_hq_force state=at_destination campaign_pos=(12.0, 0.0) segment=0 into=12.0 pending=debug_hq_assault
TacticalDeploymentController: auto-placed 5 attacker vehicle(s)
GameplayRuntime: mode=tactical_deployment pending=
TacticalDeploymentController: attacker side attacker committed
GameplayRuntime: booted mode=campaign turn=1 player=player_gang pending=
GameplayRuntime: mode=campaign pending=
GameplayRuntime: after_turn force=debug_hq_force state=traveling_outbound campaign_pos=(7.79999971389771, 0.0) segment=0 into=7.8 pending=
GameplayRuntime: after_turn force=debug_hq_force state=traveling_outbound campaign_pos=(11.7000007629395, 0.0) segment=0 into=11.7 pending=
GameplayRuntime: after_turn force=debug_hq_force state=at_destination campaign_pos=(12.0, 0.0) segment=0 into=12.0 pending=debug_hq_assault
TacticalDeploymentController: auto-placed 5 attacker vehicle(s)
GameplayRuntime: mode=tactical_deployment pending=
TacticalDeploymentController: deployed sandbox_attacker_unit_01 to cover sandbox_transport_01__door_0_north slot sandbox_transport_01__door_0_north_cover
TacticalDeploymentController: deployed sandbox_attacker_unit_02 to cover sandbox_transport_01__door_0_south slot sandbox_transport_01__door_0_south_cover
TacticalDeploymentController: deployed sandbox_attacker_unit_03 to cover sandbox_transport_04__door_0_south slot sandbox_transport_04__door_0_south_cover
TacticalDeploymentController: deployed sandbox_attacker_unit_04 to cover cover_north_car_2 slot cover_north_car_2_1
TacticalDeploymentController: deployed sandbox_attacker_unit_05 to cover cover_north_car_2 slot cover_north_car_2_3
TacticalDeploymentController: deployed sandbox_attacker_unit_06 to cover cover_north_car_3 slot cover_north_car_3_1
TacticalDeploymentController: deployed sandbox_attacker_unit_07 to cover cover_north_car_3 slot cover_north_car_3_3
TacticalDeploymentController: deployed sandbox_attacker_unit_08 to cover cover_north_car_4 slot cover_north_car_4_1
TacticalDeploymentController: deployed sandbox_attacker_unit_09 to cover cover_north_car_4 slot cover_north_car_4_3
TacticalDeploymentController: deployed sandbox_attacker_unit_10 to cover cover_north_car_5 slot cover_north_car_5_1
TacticalDeploymentController: deployed sandbox_attacker_unit_11 to cover cover_north_car_5 slot cover_north_car_5_2
TacticalDeploymentController: deployed sandbox_attacker_unit_12 to cover cover_north_car_5 slot cover_north_car_5_3
TacticalDeploymentController: deployed sandbox_attacker_unit_13 to cover cover_south_car_1 slot cover_south_car_1_3
TacticalDeploymentController: deployed sandbox_attacker_unit_14 to cover cover_south_car_2 slot cover_south_car_2_0
TacticalDeploymentController: deployed sandbox_attacker_unit_15 to cover cover_south_car_2 slot cover_south_car_2_3
TacticalDeploymentController: deployed sandbox_attacker_unit_16 to cover cover_south_car_3 slot cover_south_car_3_0
TacticalDeploymentController: attacker side attacker committed
TacticalDeploymentController: defender AI deployed and committed side defender posture=weaker
GameplayRuntime: booted mode=campaign turn=1 player=player_gang pending=
GameplayRuntime: mode=campaign pending=
GameplayRuntime: after_turn force=debug_hq_force state=traveling_outbound campaign_pos=(7.79999971389771, 0.0) segment=0 into=7.8 pending=
GameplayRuntime: after_turn force=debug_hq_force state=traveling_outbound campaign_pos=(11.7000007629395, 0.0) segment=0 into=11.7 pending=
GameplayRuntime: after_turn force=debug_hq_force state=at_destination campaign_pos=(12.0, 0.0) segment=0 into=12.0 pending=debug_hq_assault
TacticalDeploymentController: auto-placed 5 attacker vehicle(s)
GameplayRuntime: mode=tactical_deployment pending=
TacticalDeploymentController: deployed sandbox_attacker_unit_01 to cover sandbox_transport_01__door_0_north slot sandbox_transport_01__door_0_north_cover
TacticalDeploymentController: deployed sandbox_attacker_unit_02 to cover sandbox_transport_01__door_0_south slot sandbox_transport_01__door_0_south_cover
TacticalDeploymentController: deployed sandbox_attacker_unit_03 to cover sandbox_transport_01__door_1_north slot sandbox_transport_01__door_1_north_cover
TacticalDeploymentController: deployed sandbox_attacker_unit_04 to cover sandbox_transport_01__door_1_south slot sandbox_transport_01__door_1_south_cover
TacticalDeploymentController: deployed sandbox_attacker_unit_05 to cover sandbox_transport_04__door_0_north slot sandbox_transport_04__door_0_north_cover
TacticalDeploymentController: deployed sandbox_attacker_unit_06 to cover sandbox_transport_04__door_0_south slot sandbox_transport_04__door_0_south_cover
TacticalDeploymentController: deployed sandbox_attacker_unit_07 to cover cover_traffic_1_0 slot cover_traffic_1_0_2
TacticalDeploymentController: deployed sandbox_attacker_unit_08 to cover cover_traffic_2_0 slot cover_traffic_2_0_3
TacticalDeploymentController: deployed sandbox_attacker_unit_09 to cover cover_traffic_3_0 slot cover_traffic_3_0_3
TacticalDeploymentController: deployed sandbox_attacker_unit_10 to cover sandbox_transport_01__body_cover slot sandbox_transport_01__body_cover__front
TacticalDeploymentController: deployed sandbox_attacker_unit_11 to cover sandbox_transport_01__body_cover slot sandbox_transport_01__body_cover__left
TacticalDeploymentController: deployed sandbox_attacker_unit_12 to cover sandbox_transport_01__body_cover slot sandbox_transport_01__body_cover__rear
TacticalDeploymentController: deployed sandbox_attacker_unit_13 to cover sandbox_transport_01__body_cover slot sandbox_transport_01__body_cover__right
TacticalDeploymentController: deployed sandbox_attacker_unit_14 to cover sandbox_transport_04__body_cover slot sandbox_transport_04__body_cover__front
TacticalDeploymentController: deployed sandbox_attacker_unit_15 to cover sandbox_transport_04__body_cover slot sandbox_transport_04__body_cover__left
TacticalDeploymentController: deployed sandbox_attacker_unit_16 to cover sandbox_transport_04__body_cover slot sandbox_transport_04__body_cover__rear
TacticalDeploymentController: attacker side attacker committed
TacticalDeploymentController: defender AI deployed and committed side defender posture=weaker
GameplayRuntime: booted mode=campaign turn=1 player=player_gang pending=
GameplayRuntime: mode=campaign pending=
GameplayRuntime: after_turn force=debug_hq_force state=traveling_outbound campaign_pos=(7.79999971389771, 0.0) segment=0 into=7.8 pending=
GameplayRuntime: after_turn force=debug_hq_force state=traveling_outbound campaign_pos=(11.7000007629395, 0.0) segment=0 into=11.7 pending=
GameplayRuntime: after_turn force=debug_hq_force state=at_destination campaign_pos=(12.0, 0.0) segment=0 into=12.0 pending=debug_hq_assault
TacticalDeploymentController: auto-placed 5 attacker vehicle(s)
GameplayRuntime: mode=tactical_deployment pending=
GameplayRuntime: booted mode=campaign turn=1 player=player_gang pending=
GameplayRuntime: mode=campaign pending=
GameplayRuntime: after_turn force=debug_hq_force state=traveling_outbound campaign_pos=(7.79999971389771, 0.0) segment=0 into=7.8 pending=
GameplayRuntime: after_turn force=debug_hq_force state=traveling_outbound campaign_pos=(11.7000007629395, 0.0) segment=0 into=11.7 pending=
GameplayRuntime: after_turn force=debug_hq_force state=at_destination campaign_pos=(12.0, 0.0) segment=0 into=12.0 pending=debug_hq_assault
TacticalDeploymentController: auto-placed 5 attacker vehicle(s)
GameplayRuntime: mode=tactical_deployment pending=
TacticalDeploymentController: attacker side attacker committed
MIXED_GROUP_CHECK {"errors":[],"runs":[{"faction":"stateline","group_sizes":[3,1,3,3,1],"map":"harold","people":16},{"faction":"stateline","group_sizes":[3,1,3,3,1],"map":"river_bridge","people":16},{"faction":"stateline","group_sizes":[3,1,3,3,1],"map":"whittaker_estate","people":16},{"faction":"stateline","group_sizes":[3,1,3,3,1],"map":"doble_ocho","people":16},{"faction":"blacktop","group_sizes":[3,1,3,3,1],"map":"harold","people":16},{"faction":"blacktop","group_sizes":[3,1,3,3,1],"map":"river_bridge","people":16},{"faction":"blacktop","group_sizes":[3,1,3,3,1],"map":"whittaker_estate","people":16},{"faction":"blacktop","group_sizes":[3,1,3,3,1],"map":"doble_ocho","people":16},{"faction":"nbpd","group_sizes":[3,1,3,3,1],"map":"harold","people":16},{"faction":"nbpd","group_sizes":[3,1,3,3,1],"map":"river_bridge","people":16},{"faction":"nbpd","group_sizes":[3,1,3,3,1],"map":"whittaker_estate","people":16},{"faction":"nbpd","group_sizes":[3,1,3,3,1],"map":"doble_ocho","people":16},{"faction":"trc","group_sizes":[3,1,3,3,1],"map":"harold","people":16},{"faction":"trc","group_sizes":[3,1,3,3,1],"map":"river_bridge","people":16},{"faction":"trc","group_sizes":[3,1,3,3,1],"map":"whittaker_estate","people":16},{"faction":"trc","group_sizes":[3,1,3,3,1],"map":"doble_ocho","people":16}]}
