Godot Engine v4.7.2.stable.official.ed1daf0bf - https://godotengine.org
D3D12 12_0 - Forward+ - Using Device #0: NVIDIA - NVIDIA GeForce GTX 1650 with Max-Q Design

GameplayRuntime: booted mode=campaign turn=1 player=player_gang pending=
GameplayRuntime: mode=campaign pending=
GameplayRuntime: after_turn force=debug_hq_force state=traveling_outbound campaign_pos=(10.0, 0.0) segment=0 into=10.0 pending=
GameplayRuntime: after_turn force=debug_hq_force state=at_destination campaign_pos=(12.0, 0.0) segment=0 into=12.0 pending=debug_hq_assault
TacticalDeploymentController: auto-placed 2 attacker vehicle(s)
GameplayRuntime: mode=tactical_deployment pending=
TacticalDeploymentController: deployed sandbox_attacker_unit_01 to cover sandbox_transport_00__door_0_north slot sandbox_transport_00__door_0_north_cover
TacticalDeploymentController: deployed sandbox_attacker_unit_02 to cover sandbox_transport_00__door_0_south slot sandbox_transport_00__door_0_south_cover
TacticalDeploymentController: deployed sandbox_attacker_unit_03 to cover sandbox_transport_01__door_0_north slot sandbox_transport_01__door_0_north_cover
TacticalDeploymentController: deployed sandbox_attacker_unit_04 to cover sandbox_transport_01__door_0_south slot sandbox_transport_01__door_0_south_cover
TacticalDeploymentController: deployed sandbox_attacker_unit_05 to cover cover_north_car_4 slot cover_north_car_4_1
TacticalDeploymentController: attacker side attacker committed
TacticalDeploymentController: defender AI deployed and committed side defender posture=even
MAP_PREVIEW harold
GameplayRuntime: booted mode=campaign turn=1 player=player_gang pending=
GameplayRuntime: mode=campaign pending=
GameplayRuntime: after_turn force=debug_hq_force state=traveling_outbound campaign_pos=(10.0, 0.0) segment=0 into=10.0 pending=
GameplayRuntime: after_turn force=debug_hq_force state=at_destination campaign_pos=(12.0, 0.0) segment=0 into=12.0 pending=debug_hq_assault
TacticalDeploymentController: auto-placed 2 attacker vehicle(s)
GameplayRuntime: mode=tactical_deployment pending=
TacticalDeploymentController: deployed sandbox_attacker_unit_01 to cover sandbox_transport_00__door_0_north slot sandbox_transport_00__door_0_north_cover
TacticalDeploymentController: deployed sandbox_attacker_unit_02 to cover sandbox_transport_00__door_0_south slot sandbox_transport_00__door_0_south_cover
TacticalDeploymentController: deployed sandbox_attacker_unit_03 to cover sandbox_transport_00__door_1_north slot sandbox_transport_00__door_1_north_cover
TacticalDeploymentController: deployed sandbox_attacker_unit_04 to cover sandbox_transport_00__door_1_south slot sandbox_transport_00__door_1_south_cover
TacticalDeploymentController: deployed sandbox_attacker_unit_05 to cover sandbox_transport_01__door_0_north slot sandbox_transport_01__door_0_north_cover
TacticalDeploymentController: deployed sandbox_attacker_unit_06 to cover sandbox_transport_01__door_0_south slot sandbox_transport_01__door_0_south_cover
TacticalDeploymentController: deployed sandbox_attacker_unit_07 to cover sandbox_transport_01__door_1_north slot sandbox_transport_01__door_1_north_cover
TacticalDeploymentController: deployed sandbox_attacker_unit_08 to cover sandbox_transport_01__door_1_south slot sandbox_transport_01__door_1_south_cover
TacticalDeploymentController: attacker side attacker committed
TacticalDeploymentController: defender AI deployed and committed side defender posture=even
MAP_PREVIEW river_bridge
GameplayRuntime: booted mode=campaign turn=1 player=player_gang pending=
GameplayRuntime: mode=campaign pending=
GameplayRuntime: after_turn force=debug_hq_force state=traveling_outbound campaign_pos=(10.0, 0.0) segment=0 into=10.0 pending=
GameplayRuntime: after_turn force=debug_hq_force state=at_destination campaign_pos=(12.0, 0.0) segment=0 into=12.0 pending=debug_hq_assault
TacticalDeploymentController: attacker vehicle auto-placement failed code=no_legal_candidates
GameplayRuntime: mode=tactical_deployment pending=
TacticalDeploymentController: attacker side attacker committed
MAP_PREVIEW whittaker_estate
GameplayRuntime: booted mode=campaign turn=1 player=player_gang pending=
GameplayRuntime: mode=campaign pending=
GameplayRuntime: after_turn force=debug_hq_force state=traveling_outbound campaign_pos=(9.19999980926514, 0.0) segment=0 into=9.2 pending=
GameplayRuntime: after_turn force=debug_hq_force state=at_destination campaign_pos=(12.0, 0.0) segment=0 into=12.0 pending=debug_hq_assault
TacticalDeploymentController: auto-placed 2 attacker vehicle(s)
GameplayRuntime: mode=tactical_deployment pending=
TacticalDeploymentController: attacker side attacker committed
MAP_PREVIEW doble_ocho
WARNING: Loaded resource as image file, this will not work on export: 'res://assets/menu/opening/approved_title.png'. Instead, import the image file as an Image resource and load it normally as a resource.
   at: load_from_file (core/io/image.cpp:2780)
   GDScript backtrace (most recent call first):
       [0] texture (res://gameplay/sandbox_opening.gd:48)
       [1] picture (res://gameplay/sandbox_opening.gd:52)
       [2] _ready (res://gameplay/sandbox_opening.gd:32)
       [3] run (res://tools/sandbox_maps_20260915/preview.gd:35)
WARNING: Loaded resource as image file, this will not work on export: 'res://assets/menu/opening/camera_ui.png'. Instead, import the image file as an Image resource and load it normally as a resource.
   at: load_from_file (core/io/image.cpp:2780)
   GDScript backtrace (most recent call first):
       [0] texture (res://gameplay/sandbox_opening.gd:48)
       [1] picture (res://gameplay/sandbox_opening.gd:52)
       [2] _ready (res://gameplay/sandbox_opening.gd:36)
       [3] run (res://tools/sandbox_maps_20260915/preview.gd:35)
WARNING: Loaded resource as image file, this will not work on export: 'res://assets/menu/opening/enter_button.png'. Instead, import the image file as an Image resource and load it normally as a resource.
   at: load_from_file (core/io/image.cpp:2780)
   GDScript backtrace (most recent call first):
       [0] texture (res://gameplay/sandbox_opening.gd:48)
       [1] action_button (res://gameplay/sandbox_opening.gd:62)
       [2] _ready (res://gameplay/sandbox_opening.gd:37)
       [3] run (res://tools/sandbox_maps_20260915/preview.gd:35)
WARNING: Loaded resource as image file, this will not work on export: 'res://assets/menu/opening/open_button.png'. Instead, import the image file as an Image resource and load it normally as a resource.
   at: load_from_file (core/io/image.cpp:2780)
   GDScript backtrace (most recent call first):
       [0] texture (res://gameplay/sandbox_opening.gd:48)
       [1] action_button (res://gameplay/sandbox_opening.gd:62)
       [2] _ready (res://gameplay/sandbox_opening.gd:38)
       [3] run (res://tools/sandbox_maps_20260915/preview.gd:35)
OPENING_GATE_READY
OPENING_SANDBOX_ENTERED 0.0
NATIVE_PREVIEWS_DONE
