Godot Engine v4.7.2.stable.official.ed1daf0bf - https://godotengine.org

[   0% ] [90m[1mfirst_scan_filesystem[22m | Started Project initialization (5 steps)[39m[0m
[   0% ] [90m[1mfirst_scan_filesystem[22m | Scanning file structure...[39m[0m
[  16% ] [90m[1mfirst_scan_filesystem[22m | Loading global class names...[39m[0m
[  33% ] [90m[1mfirst_scan_filesystem[22m | Verifying GDExtensions...[39m[0m
[  50% ] [90m[1mfirst_scan_filesystem[22m | Creating autoload scripts...[39m[0m
[  66% ] [90m[1mfirst_scan_filesystem[22m | Initializing plugins...[39m[0m
[  83% ] [90m[1mfirst_scan_filesystem[22m | Starting file scan...[39m[0m
[92m[ DONE ][39m [1mfirst_scan_filesystem[22m
[0m
[   0% ] [90m[1mupdate_scripts_classes[22m | Started Registering global classes... (3 steps)[39m[0m
[   0% ] [90m[1mupdate_scripts_classes[22m | [39m[0m
[  25% ] [90m[1mupdate_scripts_classes[22m | [39m[0m
[  50% ] [90m[1mupdate_scripts_classes[22m | [39m[0m
[92m[ DONE ][39m [1mupdate_scripts_classes[22m
[0m
[   0% ] [90m[1m_update_scan_actions[22m | Started Scanning actions... (25 steps)[39m[0m
[   0% ] [90m[1m_update_scan_actions[22m | Fleet_2034_01.png[39m[0m
[   3% ] [90m[1m_update_scan_actions[22m | Fleet_2034_02.png[39m[0m
[   7% ] [90m[1m_update_scan_actions[22m | Fleet_2034_03.png[39m[0m
[  11% ] [90m[1m_update_scan_actions[22m | Fleet_2034_04.png[39m[0m
[  15% ] [90m[1m_update_scan_actions[22m | Fleet_2034_05.png[39m[0m
[  19% ] [90m[1m_update_scan_actions[22m | Fleet_2034_06.png[39m[0m
[  23% ] [90m[1m_update_scan_actions[22m | Fleet_2034_07.png[39m[0m
[  26% ] [90m[1m_update_scan_actions[22m | Fleet_2034_08.png[39m[0m
[  30% ] [90m[1m_update_scan_actions[22m | Fleet_2034_09.png[39m[0m
[  34% ] [90m[1m_update_scan_actions[22m | Fleet_2034_10.png[39m[0m
[  38% ] [90m[1m_update_scan_actions[22m | Fleet_2034_Authorities.png[39m[0m
[  42% ] [90m[1m_update_scan_actions[22m | Fleet_2034_Raiders.png[39m[0m
[  46% ] [90m[1m_update_scan_actions[22m | Fleet_Overview.png[39m[0m
[  50% ] [90m[1m_update_scan_actions[22m | authority_bikes_arrival.png[39m[0m
[  53% ] [90m[1m_update_scan_actions[22m | authority_bikes_battle.png[39m[0m
[  57% ] [90m[1m_update_scan_actions[22m | mixed_exotics_arrival.png[39m[0m
[  61% ] [90m[1m_update_scan_actions[22m | mixed_exotics_battle.png[39m[0m
[  65% ] [90m[1m_update_scan_actions[22m | nbpd_swat_arrival.png[39m[0m
[  69% ] [90m[1m_update_scan_actions[22m | nbpd_swat_battle.png[39m[0m
[  73% ] [90m[1m_update_scan_actions[22m | selector_heavy_transports.png[39m[0m
[  76% ] [90m[1m_update_scan_actions[22m | selector_passenger_cars.png[39m[0m
[  80% ] [90m[1m_update_scan_actions[22m | selector_two_wheelers.png[39m[0m
[  84% ] [90m[1m_update_scan_actions[22m | selector_utility_vehicles.png[39m[0m
[  88% ] [90m[1m_update_scan_actions[22m | trc_armored_arrival.png[39m[0m
[  92% ] [90m[1m_update_scan_actions[22m | trc_armored_battle.png[39m[0m
[92m[ DONE ][39m [1m_update_scan_actions[22m
[0m
[   0% ] [90m[1mreimport[22m | Started (Re)Importing Assets (25 steps)[39m[0m
[   0% ] [90m[1mreimport[22m | Preparing files to reimport...[39m[0m
[   3% ] [90m[1mreimport[22m | Preparing files to reimport...[39m[0m
[   7% ] [90m[1mreimport[22m | Preparing files to reimport...[39m[0m
[  11% ] [90m[1mreimport[22m | Preparing files to reimport...[39m[0m
[  15% ] [90m[1mreimport[22m | Preparing files to reimport...[39m[0m
[  19% ] [90m[1mreimport[22m | Preparing files to reimport...[39m[0m
[  23% ] [90m[1mreimport[22m | Preparing files to reimport...[39m[0m
[  26% ] [90m[1mreimport[22m | Preparing files to reimport...[39m[0m
[  30% ] [90m[1mreimport[22m | Preparing files to reimport...[39m[0m
[  34% ] [90m[1mreimport[22m | Preparing files to reimport...[39m[0m
[  38% ] [90m[1mreimport[22m | Preparing files to reimport...[39m[0m
[  42% ] [90m[1mreimport[22m | Preparing files to reimport...[39m[0m
[  46% ] [90m[1mreimport[22m | Preparing files to reimport...[39m[0m
[  50% ] [90m[1mreimport[22m | Preparing files to reimport...[39m[0m
[  53% ] [90m[1mreimport[22m | Preparing files to reimport...[39m[0m
[  57% ] [90m[1mreimport[22m | Preparing files to reimport...[39m[0m
[  61% ] [90m[1mreimport[22m | Preparing files to reimport...[39m[0m
[  65% ] [90m[1mreimport[22m | Preparing files to reimport...[39m[0m
[  69% ] [90m[1mreimport[22m | Preparing files to reimport...[39m[0m
[  73% ] [90m[1mreimport[22m | Preparing files to reimport...[39m[0m
[  76% ] [90m[1mreimport[22m | Preparing files to reimport...[39m[0m
[  80% ] [90m[1mreimport[22m | Preparing files to reimport...[39m[0m
[  84% ] [90m[1mreimport[22m | Preparing files to reimport...[39m[0m
[  88% ] [90m[1mreimport[22m | Preparing files to reimport...[39m[0m
[  92% ] [90m[1mreimport[22m | Preparing files to reimport...[39m[0m
[   0% ] [90m[1mreimport[22m | Executing pre-reimport operations...[39m[0m
[   0% ] [90m[1mreimport[22m | trc_armored_battle.png[39m[0m
[   3% ] [90m[1mreimport[22m | trc_armored_arrival.png[39m[0m
[   7% ] [90m[1mreimport[22m | selector_utility_vehicles.png[39m[0m
[  11% ] [90m[1mreimport[22m | selector_two_wheelers.png[39m[0m
[  15% ] [90m[1mreimport[22m | selector_passenger_cars.png[39m[0m
[  19% ] [90m[1mreimport[22m | selector_heavy_transports.png[39m[0m
[  23% ] [90m[1mreimport[22m | nbpd_swat_battle.png[39m[0m
[  26% ] [90m[1mreimport[22m | nbpd_swat_arrival.png[39m[0m
[  30% ] [90m[1mreimport[22m | mixed_exotics_battle.png[39m[0m
[  34% ] [90m[1mreimport[22m | mixed_exotics_arrival.png[39m[0m
[  38% ] [90m[1mreimport[22m | authority_bikes_battle.png[39m[0m
[  42% ] [90m[1mreimport[22m | authority_bikes_arrival.png[39m[0m
[  46% ] [90m[1mreimport[22m | Fleet_Overview.png[39m[0m
[  50% ] [90m[1mreimport[22m | Fleet_2034_Raiders.png[39m[0m
[  53% ] [90m[1mreimport[22m | Fleet_2034_Authorities.png[39m[0m
[  57% ] [90m[1mreimport[22m | Fleet_2034_10.png[39m[0m
[  61% ] [90m[1mreimport[22m | Fleet_2034_09.png[39m[0m
[  65% ] [90m[1mreimport[22m | Fleet_2034_08.png[39m[0m
[  69% ] [90m[1mreimport[22m | Fleet_2034_07.png[39m[0m
[  73% ] [90m[1mreimport[22m | Fleet_2034_06.png[39m[0m
[  76% ] [90m[1mreimport[22m | Fleet_2034_05.png[39m[0m
[  80% ] [90m[1mreimport[22m | Fleet_2034_04.png[39m[0m
[  84% ] [90m[1mreimport[22m | Fleet_2034_03.png[39m[0m
[  88% ] [90m[1mreimport[22m | Fleet_2034_02.png[39m[0m
[  92% ] [90m[1mreimport[22m | Fleet_2034_01.png[39m[0m
[  96% ] [90m[1mreimport[22m | Finalizing Asset Import...[39m[0m
[92m[ DONE ][39m [1mreimport[22m
[0m
[   0% ] [90m[1mreimport[22m | Started (Re)Importing Assets (25 steps)[39m[0m
[   0% ] [90m[1mreimport[22m | Executing post-reimport operations...[39m[0m
[92m[ DONE ][39m [1mreimport[22m
[0m
[   0% ] [90m[1mloading_editor_layout[22m | Started Loading editor (5 steps)[39m[0m
[   0% ] [90m[1mloading_editor_layout[22m | Loading editor layout...[39m[0m
[  16% ] [90m[1mloading_editor_layout[22m | Loading docks...[39m[0m
[  33% ] [90m[1mloading_editor_layout[22m | Reopening scenes...[39m[0m
[  50% ] [90m[1mloading_editor_layout[22m | Loading central editor layout...[39m[0m
[  66% ] [90m[1mloading_editor_layout[22m | Loading plugin window layout...[39m[0m
[  83% ] [90m[1mloading_editor_layout[22m | Editor layout ready.[39m[0m
[92m[ DONE ][39m [1mloading_editor_layout[22m
[0m
