Godot Engine v4.7.2.stable.official.ed1daf0bf - https://godotengine.org
D3D12 12_0 - Forward+ - Using Device #0: NVIDIA - NVIDIA GeForce GTX 1650 with Max-Q Design

WARNING: Loaded resource as image file, this will not work on export: 'res://assets/menu/opening/approved_title.png'. Instead, import the image file as an Image resource and load it normally as a resource.
   at: load_from_file (core/io/image.cpp:2780)
   GDScript backtrace (most recent call first):
       [0] _ready (res://gameplay/sandbox_menu_panels.gd:20)
       [1] _ready (res://gameplay/arsenal_review.gd:137)
       [2] run (res://tools/bike_slots_20260915/motion.gd:10)
GameplayRuntime: booted mode=campaign turn=1 player=player_gang pending=
GameplayRuntime: mode=campaign pending=
GameplayRuntime: after_turn force=debug_hq_force state=traveling_outbound campaign_pos=(7.79999971389771, 0.0) segment=0 into=7.8 pending=
GameplayRuntime: after_turn force=debug_hq_force state=traveling_outbound campaign_pos=(11.7000007629395, 0.0) segment=0 into=11.7 pending=
GameplayRuntime: after_turn force=debug_hq_force state=at_destination campaign_pos=(12.0, 0.0) segment=0 into=12.0 pending=debug_hq_assault
TacticalDeploymentController: auto-placed 2 attacker vehicle(s)
GameplayRuntime: mode=tactical_deployment pending=
TacticalDeploymentController: attacker side attacker committed
GameplayRuntime: booted mode=campaign turn=1 player=player_gang pending=
GameplayRuntime: mode=campaign pending=
GameplayRuntime: after_turn force=debug_hq_force state=traveling_outbound campaign_pos=(7.79999971389771, 0.0) segment=0 into=7.8 pending=
GameplayRuntime: after_turn force=debug_hq_force state=traveling_outbound campaign_pos=(11.7000007629395, 0.0) segment=0 into=11.7 pending=
GameplayRuntime: after_turn force=debug_hq_force state=at_destination campaign_pos=(12.0, 0.0) segment=0 into=12.0 pending=debug_hq_assault
TacticalDeploymentController: attacker vehicle auto-placement failed code=no_legal_candidates
GameplayRuntime: mode=tactical_deployment pending=
GameplayRuntime: booted mode=campaign turn=1 player=player_gang pending=
GameplayRuntime: mode=campaign pending=
GameplayRuntime: after_turn force=debug_hq_force state=traveling_outbound campaign_pos=(7.79999971389771, 0.0) segment=0 into=7.8 pending=
GameplayRuntime: after_turn force=debug_hq_force state=traveling_outbound campaign_pos=(11.7000007629395, 0.0) segment=0 into=11.7 pending=
GameplayRuntime: after_turn force=debug_hq_force state=at_destination campaign_pos=(12.0, 0.0) segment=0 into=12.0 pending=debug_hq_assault
TacticalDeploymentController: attacker vehicle auto-placement failed code=no_legal_candidates
GameplayRuntime: mode=tactical_deployment pending=
GameplayRuntime: booted mode=campaign turn=1 player=player_gang pending=
GameplayRuntime: mode=campaign pending=
GameplayRuntime: after_turn force=debug_hq_force state=traveling_outbound campaign_pos=(11.0, 0.0) segment=0 into=11.0 pending=
GameplayRuntime: after_turn force=debug_hq_force state=at_destination campaign_pos=(12.0, 0.0) segment=0 into=12.0 pending=debug_hq_assault
TacticalDeploymentController: auto-placed 12 attacker vehicle(s)
GameplayRuntime: mode=tactical_deployment pending=
BIKE_MOTION_CHECK {"errors":["Arrival overlap: 2 bikes","Arrival overlap: 4 bikes","Arrival overlap: 12 bikes"],"runs":[{"bikes":0,"overlaps":[],"pair_samples":331},{"bikes":2,"overlaps":[{"area":0.16229248046875,"pair":[0,2],"time":8.9},{"area":0.07647705078125,"pair":[0,2],"time":8.93333333333333},{"area":0.036376953125,"pair":[1,2],"time":8.93333333333333},{"area":0.2628173828125,"pair":[0,2],"time":8.96666666666667},{"area":0.036376953125,"pair":[1,2],"time":8.96666666666667},{"area":0.560546875,"pair":[0,2],"time":9.0},{"area":0.036376953125,"pair":[1,2],"time":9.0}],"pair_samples":1986},{"bikes":4,"overlaps":[{"area":0.29803466796875,"pair":[3,4],"time":8.36666666666667},{"area":1.22564697265625,"pair":[3,4],"time":8.4},{"area":2.2647705078125,"pair":[3,4],"time":8.43333333333333},{"area":3.30389404296875,"pair":[3,4],"time":8.46666666666667},{"area":4.31512451171875,"pair":[3,4],"time":8.5},{"area":5.12969970703125,"pair":[3,4],"time":8.53333333333333},{"area":5.7764892578125,"pair":[3,4],"time":8.56666666666667},{"area":5.842041015625,"pair":[3,4],"time":8.6},{"area":5.8419189453125,"pair":[3,4],"time":8.63333333333333},{"area":5.84197998046875,"pair":[3,4],"time":8.66666666666667},{"area":5.8997802734375,"pair":[3,4],"time":8.7},{"area":5.8997802734375,"pair":[3,4],"time":8.73333333333333}],"pair_samples":4965},{"bikes":12,"overlaps":[{"area":0.03662109375,"pair":[9,11],"time":4.03333333333333},{"area":0.078369140625,"pair":[9,11],"time":4.06666666666667},{"area":0.1201171875,"pair":[9,11],"time":4.1},{"area":0.161865234375,"pair":[9,11],"time":4.13333333333333},{"area":0.20361328125,"pair":[9,11],"time":4.16666666666667},{"area":0.2451171875,"pair":[9,11],"time":4.2},{"area":0.287109375,"pair":[9,11],"time":4.23333333333333},{"area":0.328857421875,"pair":[9,11],"time":4.26666666666667},{"area":0.370849609375,"pair":[9,11],"time":4.3},{"area":0.41259765625,"pair":[9,11],"time":4.33333333333333},{"area":0.0374755859375,"pair":[8,10],"time":4.36666666666667},{"area":0.4541015625,"pair":[9,11],"time":4.36666666666667}],"pair_samples":21846}]}
