Godot Engine v4.7.2.stable.official.ed1daf0bf - https://godotengine.org
D3D12 12_0 - Forward+ - Using Device #0: NVIDIA - NVIDIA GeForce GTX 1650 with Max-Q Design

WARNING: Loaded resource as image file, this will not work on export: 'res://assets/menu/opening/approved_title.png'. Instead, import the image file as an Image resource and load it normally as a resource.
   at: load_from_file (core/io/image.cpp:2780)
   GDScript backtrace (most recent call first):
       [0] _ready (res://gameplay/sandbox_menu_panels.gd:20)
       [1] _ready (res://gameplay/arsenal_review.gd:137)
       [2] run (res://tools/bike_slots_20260915/motion.gd:10)
GameplayRuntime: booted mode=campaign turn=1 player=player_gang pending=
GameplayRuntime: mode=campaign pending=
GameplayRuntime: after_turn force=debug_hq_force state=traveling_outbound campaign_pos=(7.79999971389771, 0.0) segment=0 into=7.8 pending=
GameplayRuntime: after_turn force=debug_hq_force state=traveling_outbound campaign_pos=(11.7000007629395, 0.0) segment=0 into=11.7 pending=
GameplayRuntime: after_turn force=debug_hq_force state=at_destination campaign_pos=(12.0, 0.0) segment=0 into=12.0 pending=debug_hq_assault
TacticalDeploymentController: auto-placed 2 attacker vehicle(s)
GameplayRuntime: mode=tactical_deployment pending=
TacticalDeploymentController: attacker side attacker committed
GameplayRuntime: booted mode=campaign turn=1 player=player_gang pending=
GameplayRuntime: mode=campaign pending=
GameplayRuntime: after_turn force=debug_hq_force state=traveling_outbound campaign_pos=(7.79999971389771, 0.0) segment=0 into=7.8 pending=
GameplayRuntime: after_turn force=debug_hq_force state=traveling_outbound campaign_pos=(11.7000007629395, 0.0) segment=0 into=11.7 pending=
GameplayRuntime: after_turn force=debug_hq_force state=at_destination campaign_pos=(12.0, 0.0) segment=0 into=12.0 pending=debug_hq_assault
TacticalDeploymentController: attacker vehicle auto-placement failed code=no_legal_candidates
GameplayRuntime: mode=tactical_deployment pending=
GameplayRuntime: booted mode=campaign turn=1 player=player_gang pending=
GameplayRuntime: mode=campaign pending=
GameplayRuntime: after_turn force=debug_hq_force state=traveling_outbound campaign_pos=(7.79999971389771, 0.0) segment=0 into=7.8 pending=
GameplayRuntime: after_turn force=debug_hq_force state=traveling_outbound campaign_pos=(11.7000007629395, 0.0) segment=0 into=11.7 pending=
GameplayRuntime: after_turn force=debug_hq_force state=at_destination campaign_pos=(12.0, 0.0) segment=0 into=12.0 pending=debug_hq_assault
TacticalDeploymentController: attacker vehicle auto-placement failed code=no_legal_candidates
GameplayRuntime: mode=tactical_deployment pending=
GameplayRuntime: booted mode=campaign turn=1 player=player_gang pending=
GameplayRuntime: mode=campaign pending=
GameplayRuntime: after_turn force=debug_hq_force state=traveling_outbound campaign_pos=(11.0, 0.0) segment=0 into=11.0 pending=
GameplayRuntime: after_turn force=debug_hq_force state=at_destination campaign_pos=(12.0, 0.0) segment=0 into=12.0 pending=debug_hq_assault
TacticalDeploymentController: auto-placed 12 attacker vehicle(s)
GameplayRuntime: mode=tactical_deployment pending=
BIKE_MOTION_CHECK {"errors":["Arrival overlap: 12 bikes"],"runs":[{"bikes":0,"overlaps":[],"pair_samples":331},{"bikes":2,"overlaps":[],"pair_samples":1986},{"bikes":4,"overlaps":[],"pair_samples":4965},{"bikes":12,"overlaps":[{"area":0.050048828125,"pair":[9,11],"time":6.06666666666667},{"area":0.106689453125,"pair":[9,11],"time":6.1},{"area":0.16357421875,"pair":[9,11],"time":6.13333333333333},{"area":0.219482421875,"pair":[9,11],"time":6.16666666666667},{"area":0.2763671875,"pair":[9,11],"time":6.2},{"area":0.332763671875,"pair":[9,11],"time":6.23333333333333},{"area":0.3892822265625,"pair":[9,11],"time":6.26666666666667},{"area":0.4459228515625,"pair":[9,11],"time":6.3},{"area":0.5020751953125,"pair":[9,11],"time":6.33333333333333},{"area":0.55859375,"pair":[9,11],"time":6.36666666666667},{"area":0.6153564453125,"pair":[9,11],"time":6.4},{"area":0.6717529296875,"pair":[9,11],"time":6.43333333333333}],"pair_samples":21846}]}
