Godot Engine v4.7.2.stable.official.ed1daf0bf - https://godotengine.org
D3D12 12_0 - Forward+ - Using Device #0: NVIDIA - NVIDIA GeForce GTX 1650 with Max-Q Design

GameplayRuntime: booted mode=campaign turn=1 player=player_gang pending=
GameplayRuntime: mode=campaign pending=
GameplayRuntime: after_turn force=debug_hq_force state=traveling_outbound campaign_pos=(7.79999971389771, 0.0) segment=0 into=7.8 pending=
GameplayRuntime: after_turn force=debug_hq_force state=traveling_outbound campaign_pos=(11.7000007629395, 0.0) segment=0 into=11.7 pending=
GameplayRuntime: after_turn force=debug_hq_force state=at_destination campaign_pos=(12.0, 0.0) segment=0 into=12.0 pending=debug_hq_assault
TacticalDeploymentController: attacker vehicle auto-placement failed code=no_legal_candidates
GameplayRuntime: mode=tactical_deployment pending=
TacticalDeploymentController: deployed sandbox_attacker_unit_01 to cover sandbox_transport_00__door_0_north slot sandbox_transport_00__door_0_north_cover
TacticalDeploymentController: deployed sandbox_attacker_unit_02 to cover sandbox_transport_00__door_0_south slot sandbox_transport_00__door_0_south_cover
TacticalDeploymentController: deployed sandbox_attacker_unit_03 to cover sandbox_transport_01__door_0_north slot sandbox_transport_01__door_0_north_cover
TacticalDeploymentController: deployed sandbox_attacker_unit_04 to cover sandbox_transport_01__door_0_south slot sandbox_transport_01__door_0_south_cover
TacticalDeploymentController: deployed sandbox_attacker_unit_05 to cover sandbox_transport_02__door_0_north slot sandbox_transport_02__door_0_north_cover
TacticalDeploymentController: deployed sandbox_attacker_unit_06 to cover sandbox_transport_02__door_0_south slot sandbox_transport_02__door_0_south_cover
TacticalDeploymentController: deployed sandbox_attacker_unit_07 to cover cover_traffic_1_0 slot cover_traffic_1_0_2
TacticalDeploymentController: deployed sandbox_attacker_unit_08 to cover cover_traffic_2_0 slot cover_traffic_2_0_3
TacticalDeploymentController: deployed sandbox_attacker_unit_09 to cover cover_traffic_3_0 slot cover_traffic_3_0_3
TacticalDeploymentController: deployed sandbox_attacker_unit_10 to cover sandbox_transport_00__body_cover slot sandbox_transport_00__body_cover__front
TacticalDeploymentController: deployed sandbox_attacker_unit_11 to cover sandbox_transport_00__body_cover slot sandbox_transport_00__body_cover__left
TacticalDeploymentController: deployed sandbox_attacker_unit_12 to cover sandbox_transport_00__body_cover slot sandbox_transport_00__body_cover__rear
TacticalDeploymentController: deployed sandbox_attacker_unit_13 to cover sandbox_transport_00__body_cover slot sandbox_transport_00__body_cover__right
TacticalDeploymentController: deployed sandbox_attacker_unit_14 to cover sandbox_transport_01__body_cover slot sandbox_transport_01__body_cover__front
TacticalDeploymentController: deployed sandbox_attacker_unit_15 to cover sandbox_transport_01__body_cover slot sandbox_transport_01__body_cover__left
TacticalDeploymentController: deployed sandbox_attacker_unit_16 to cover sandbox_transport_01__body_cover slot sandbox_transport_01__body_cover__rear
TacticalDeploymentController: attacker side attacker committed
TacticalDeploymentController: defender AI deployed and committed side defender posture=even
GameplayRuntime: mode=tactical_active pending=
LIVE_WINDOW { "wall_seconds": 5.013755, "fps": 68.0128965216689, "sim_seconds": 5.09091766666666 }
LIVE_WINDOW { "wall_seconds": 10.024648, "fps": 68.4508729282385, "sim_seconds": 10.0987408148148 }
LIVE_WINDOW { "wall_seconds": 15.037265, "fps": 67.8288407033691, "sim_seconds": 15.1119603333332 }
LIVE_WINDOW { "wall_seconds": 20.04236, "fps": 59.5393294233176, "sim_seconds": 20.1209146666666 }
LIVE_WINDOW { "wall_seconds": 25.046227, "fps": 57.7553320262109, "sim_seconds": 25.127518 }
TRACE_DONE release32_coarse fps=64.3907878246219 p95=18.296
