Godot Engine v4.7.2.stable.official.ed1daf0bf - https://godotengine.org
D3D12 12_0 - Forward+ - Using Device #0: NVIDIA - NVIDIA GeForce GTX 1650 with Max-Q Design

GameplayRuntime: booted mode=campaign turn=1 player=player_gang pending=
GameplayRuntime: mode=campaign pending=
GameplayRuntime: after_turn force=debug_hq_force state=traveling_outbound campaign_pos=(7.79999971389771, 0.0) segment=0 into=7.8 pending=
GameplayRuntime: after_turn force=debug_hq_force state=traveling_outbound campaign_pos=(11.7000007629395, 0.0) segment=0 into=11.7 pending=
GameplayRuntime: after_turn force=debug_hq_force state=at_destination campaign_pos=(12.0, 0.0) segment=0 into=12.0 pending=debug_hq_assault
TacticalDeploymentController: attacker vehicle auto-placement failed code=no_legal_candidates
GameplayRuntime: mode=tactical_deployment pending=
TacticalDeploymentController: deployed sandbox_attacker_unit_01 to cover sandbox_transport_00__door_0_north slot sandbox_transport_00__door_0_north_cover
TacticalDeploymentController: deployed sandbox_attacker_unit_02 to cover sandbox_transport_00__door_0_south slot sandbox_transport_00__door_0_south_cover
TacticalDeploymentController: deployed sandbox_attacker_unit_03 to cover sandbox_transport_01__door_0_north slot sandbox_transport_01__door_0_north_cover
TacticalDeploymentController: deployed sandbox_attacker_unit_04 to cover sandbox_transport_01__door_0_south slot sandbox_transport_01__door_0_south_cover
TacticalDeploymentController: deployed sandbox_attacker_unit_05 to cover sandbox_transport_02__door_0_north slot sandbox_transport_02__door_0_north_cover
TacticalDeploymentController: deployed sandbox_attacker_unit_06 to cover sandbox_transport_02__door_0_south slot sandbox_transport_02__door_0_south_cover
TacticalDeploymentController: deployed sandbox_attacker_unit_07 to cover cover_traffic_1_0 slot cover_traffic_1_0_2
TacticalDeploymentController: deployed sandbox_attacker_unit_08 to cover cover_traffic_2_0 slot cover_traffic_2_0_3
TacticalDeploymentController: deployed sandbox_attacker_unit_09 to cover cover_traffic_3_0 slot cover_traffic_3_0_3
TacticalDeploymentController: deployed sandbox_attacker_unit_10 to cover sandbox_transport_00__body_cover slot sandbox_transport_00__body_cover__front
TacticalDeploymentController: deployed sandbox_attacker_unit_11 to cover sandbox_transport_00__body_cover slot sandbox_transport_00__body_cover__left
TacticalDeploymentController: deployed sandbox_attacker_unit_12 to cover sandbox_transport_00__body_cover slot sandbox_transport_00__body_cover__rear
TacticalDeploymentController: deployed sandbox_attacker_unit_13 to cover sandbox_transport_00__body_cover slot sandbox_transport_00__body_cover__right
TacticalDeploymentController: deployed sandbox_attacker_unit_14 to cover sandbox_transport_01__body_cover slot sandbox_transport_01__body_cover__front
TacticalDeploymentController: deployed sandbox_attacker_unit_15 to cover sandbox_transport_01__body_cover slot sandbox_transport_01__body_cover__left
TacticalDeploymentController: deployed sandbox_attacker_unit_16 to cover sandbox_transport_01__body_cover slot sandbox_transport_01__body_cover__rear
TacticalDeploymentController: attacker side attacker committed
TacticalDeploymentController: defender AI deployed and committed side defender posture=even
GameplayRuntime: mode=tactical_active pending=
LIVE_WINDOW { "wall_seconds": 5.021086, "fps": 53.1757472387448, "sim_seconds": 5.09132525925926 }
LIVE_WINDOW { "wall_seconds": 10.033418, "fps": 44.6897771336775, "sim_seconds": 10.1160146666666 }
LIVE_WINDOW { "wall_seconds": 15.043009, "fps": 41.1211214648062, "sim_seconds": 15.1274512828283 }
LIVE_WINDOW { "wall_seconds": 20.051878, "fps": 43.522799258675, "sim_seconds": 20.137947 }
LIVE_WINDOW { "wall_seconds": 25.05577, "fps": 42.5668659515433, "sim_seconds": 25.1438303333334 }
LIVE_DONE {"build":{"debug":false,"editor":false,"version":{"build":"official","hash":"ed1daf0bf001b61586d9930840f2f1394092c079","hex":263938,"major":4,"minor":7,"patch":2,"status":"stable","string":"4.7.2-stable (official)","timestamp":0}},"bulwarks":true,"damage":20.973,"display":{"max_fps":0,"refresh_hz":59.9992141723633,"vsync_mode":0},"fps":48.1541802877181,"late_paused_fps":149.489975378122,"living":25,"los_cache_entries":173,"max_frame_ms":44.474,"nav_cache_entries":424,"over_100ms":0,"over_33ms":23,"p95_frame_ms":29.96,"p99_frame_ms":33.675,"rendered":32,"setup_ms":22312.065,"sim_seconds":30.1003406666668,"uncapped":true,"units":32,"wall_seconds":30.007779,"windows":[{"fps":53.1757472387448,"sim_seconds":5.09132525925926,"wall_seconds":5.021086},{"fps":44.6897771336775,"sim_seconds":10.1160146666666,"wall_seconds":10.033418},{"fps":41.1211214648062,"sim_seconds":15.1274512828283,"wall_seconds":15.043009},{"fps":43.522799258675,"sim_seconds":20.137947,"wall_seconds":20.051878},{"fps":42.5668659515433,"sim_seconds":25.1438303333334,"wall_seconds":25.05577}]}
